Component: ARM Compiler 5.06 update 6 (build 750) Tool: armlink [4d35ed]

==============================================================================

Section Cross References

    main.o(i.Error_Handler) refers to printf.o(.text) for printf
    main.o(i.Error_Handler) refers to main.o(.bss) for buf
    main.o(i.SystemClock_Config) refers to rt_memclr_w.o(.text) for __aeabi_memclr4
    main.o(i.SystemClock_Config) refers to stm32f4xx_hal_rcc.o(i.HAL_RCC_OscConfig) for HAL_RCC_OscConfig
    main.o(i.SystemClock_Config) refers to main.o(i.Error_Handler) for Error_Handler
    main.o(i.SystemClock_Config) refers to stm32f4xx_hal_pwr_ex.o(i.HAL_PWREx_EnableOverDrive) for HAL_PWREx_EnableOverDrive
    main.o(i.SystemClock_Config) refers to stm32f4xx_hal_rcc.o(i.HAL_RCC_ClockConfig) for HAL_RCC_ClockConfig
    main.o(i.main) refers to _printf_percent.o(.ARM.Collect$$_printf_percent$$00000000) for _printf_percent
    main.o(i.main) refers to _printf_f.o(.ARM.Collect$$_printf_percent$$00000003) for _printf_f
    main.o(i.main) refers to printf1.o(x$fpl$printf1) for _printf_fp_dec
    main.o(i.main) refers to watchdog.o(i.init_Watchdog) for init_Watchdog
    main.o(i.main) refers to main.o(i.Error_Handler) for Error_Handler
    main.o(i.main) refers to stm32f4xx_hal.o(i.HAL_Init) for HAL_Init
    main.o(i.main) refers to main.o(i.SystemClock_Config) for SystemClock_Config
    main.o(i.main) refers to system_stm32f4xx.o(i.SystemCoreClockUpdate) for SystemCoreClockUpdate
    main.o(i.main) refers to delay.o(i.Init_Delay) for Init_Delay
    main.o(i.main) refers to potenciometro.o(i.ADC1_Init) for ADC1_Init
    main.o(i.main) refers to usart.o(i.init_USART) for init_USART
    main.o(i.main) refers to potenciometro.o(i.lectura) for lectura
    main.o(i.main) refers to f2d.o(x$fpl$f2d) for __aeabi_f2d
    main.o(i.main) refers to __2sprintf.o(.text) for __2sprintf
    main.o(i.main) refers to usart.o(i.tx_USART) for tx_USART
    main.o(i.main) refers to delay.o(i.Delay_ms) for Delay_ms
    main.o(i.main) refers to watchdog.o(i.reset_Watchdog) for reset_Watchdog
    main.o(i.main) refers to main.o(.data) for v
    main.o(i.main) refers to main.o(.bss) for buf
    stm32f4xx_it.o(i.SysTick_Handler) refers to stm32f4xx_hal.o(i.HAL_IncTick) for HAL_IncTick
    stm32f4xx_hal_msp.o(i.HAL_ADC_MspDeInit) refers to stm32f4xx_hal_gpio.o(i.HAL_GPIO_DeInit) for HAL_GPIO_DeInit
    stm32f4xx_hal_msp.o(i.HAL_ADC_MspInit) refers to rt_memclr_w.o(.text) for __aeabi_memclr4
    stm32f4xx_hal_msp.o(i.HAL_ADC_MspInit) refers to stm32f4xx_hal_gpio.o(i.HAL_GPIO_Init) for HAL_GPIO_Init
    stm32f4xx_hal_msp.o(i.HAL_TIM_Base_MspInit) refers to rt_memclr_w.o(.text) for __aeabi_memclr4
    potenciometro.o(i.ADC1_Init) refers to stm32f4xx_hal_adc.o(i.HAL_ADC_Init) for HAL_ADC_Init
    potenciometro.o(i.ADC1_Init) refers to stm32f4xx_hal_adc.o(i.HAL_ADC_ConfigChannel) for HAL_ADC_ConfigChannel
    potenciometro.o(i.ADC1_Init) refers to potenciometro.o(.bss) for hadc1
    potenciometro.o(i.lectura) refers to stm32f4xx_hal_adc.o(i.HAL_ADC_Start) for HAL_ADC_Start
    potenciometro.o(i.lectura) refers to stm32f4xx_hal_adc.o(i.HAL_ADC_PollForConversion) for HAL_ADC_PollForConversion
    potenciometro.o(i.lectura) refers to stm32f4xx_hal_adc.o(i.HAL_ADC_GetValue) for HAL_ADC_GetValue
    potenciometro.o(i.lectura) refers to dflt_clz.o(x$fpl$dfltu) for __aeabi_ui2d
    potenciometro.o(i.lectura) refers to dmul.o(x$fpl$dmul) for __aeabi_dmul
    potenciometro.o(i.lectura) refers to ddiv.o(x$fpl$ddiv) for __aeabi_ddiv
    potenciometro.o(i.lectura) refers to d2f.o(x$fpl$d2f) for __aeabi_d2f
    potenciometro.o(i.lectura) refers to potenciometro.o(.bss) for hadc1
    delay.o(i.Delay_ms) refers to delay.o(i.Delay_us) for Delay_us
    delay.o(i.Init_Delay) refers to rt_memclr_w.o(.text) for __aeabi_memclr4
    delay.o(i.Init_Delay) refers to stm32f4xx_hal_tim.o(i.HAL_TIM_Base_Init) for HAL_TIM_Base_Init
    delay.o(i.Init_Delay) refers to stm32f4xx_hal_tim.o(i.HAL_TIM_ConfigClockSource) for HAL_TIM_ConfigClockSource
    delay.o(i.Init_Delay) refers to stm32f4xx_hal_tim_ex.o(i.HAL_TIMEx_MasterConfigSynchronization) for HAL_TIMEx_MasterConfigSynchronization
    delay.o(i.Init_Delay) refers to stm32f4xx_hal_tim.o(i.HAL_TIM_Base_Start) for HAL_TIM_Base_Start
    delay.o(i.Init_Delay) refers to delay.o(.bss) for htim6
    usart.o(i.init_USART) refers to usart.o(.data) for USARTdrv
    usart.o(i.tx_USART) refers to usart.o(.data) for USARTdrv
    usart.o(.data) refers to usart_stm32f4xx.o(.constdata) for Driver_USART3
    watchdog.o(i.init_Watchdog) refers to stm32f4xx_hal_iwdg.o(i.HAL_IWDG_Init) for HAL_IWDG_Init
    watchdog.o(i.init_Watchdog) refers to watchdog.o(.bss) for IwdgHandle
    watchdog.o(i.reset_Watchdog) refers to stm32f4xx_hal_iwdg.o(i.HAL_IWDG_Refresh) for HAL_IWDG_Refresh
    watchdog.o(i.reset_Watchdog) refers to watchdog.o(.bss) for IwdgHandle
[...]
    __initial_sp                             0x200008b8   Data           0  startup_stm32f429xx.o(STACK)

    Global Symbols

    Symbol Name                              Value     Ov Type        Size  Object(Section)

    BuildAttributes$$THM_ISAv4$E$P$D$K$B$S$7EM$VFPi3$EXTD16$VFPS$VFMA$PE$A:L22UL41UL21$X:L11$S22US41US21$IEEE1$IW$USESV6$~STKCKD$USESV7$~SHL$OTIME$ROPI$IEEEJ$EBA8$UX$STANDARDLIB$REQ8$PRES8$EABIv2 0x00000000   Number         0  anon$$obj.o ABSOLUTE
    __ARM_use_no_argv                        0x00000000   Number         0  main.o ABSOLUTE
    _printf_flags                            0x00000000   Number         0  printf_stubs.o ABSOLUTE
    _printf_return_value                     0x00000000   Number         0  printf_stubs.o ABSOLUTE
    _printf_sizespec                         0x00000000   Number         0  printf_stubs.o ABSOLUTE
    _printf_widthprec                        0x00000000   Number         0  printf_stubs.o ABSOLUTE
    __ARM_exceptions_init                     - Undefined Weak Reference
    __alloca_initialize                       - Undefined Weak Reference
    __arm_preinit_                            - Undefined Weak Reference
    __cpp_initialize__aeabi_                  - Undefined Weak Reference
    __cxa_finalize                            - Undefined Weak Reference
    __sigvec_lookup                           - Undefined Weak Reference
    __user_heap_extent                        - Undefined Weak Reference
    _atexit_init                              - Undefined Weak Reference
    _call_atexit_fns                          - Undefined Weak Reference
    _clock_init                               - Undefined Weak Reference
    _fp_trap_init                             - Undefined Weak Reference
    _fp_trap_shutdown                         - Undefined Weak Reference
    _get_lc_collate                           - Undefined Weak Reference
    _get_lc_monetary                          - Undefined Weak Reference
    _get_lc_time                              - Undefined Weak Reference
    _getenv_init                              - Undefined Weak Reference
    _handle_redirection                       - Undefined Weak Reference
    _mutex_acquire                            - Undefined Weak Reference
    _mutex_free                               - Undefined Weak Reference
    _mutex_release                            - Undefined Weak Reference
    _printf_mbtowc                            - Undefined Weak Reference
    _printf_wc                                - Undefined Weak Reference
    _rand_init                                - Undefined Weak Reference
    _signal_finish                            - Undefined Weak Reference
    _signal_init                              - Undefined Weak Reference
    __Vectors_Size                           0x000001ac   Number         0  startup_stm32f429xx.o ABSOLUTE
    __Vectors                                0x08000000   Data           4  startup_stm32f429xx.o(RESET)
    __Vectors_End                            0x080001ac   Data           0  startup_stm32f429xx.o(RESET)
    __main                                   0x080001ad   Thumb Code     8  __main.o(!!!main)
    __scatterload                            0x080001b5   Thumb Code     0  __scatter.o(!!!scatter)
    __scatterload_rt2                        0x080001b5   Thumb Code    44  __scatter.o(!!!scatter)
    __scatterload_rt2_thumb_only             0x080001b5   Thumb Code     0  __scatter.o(!!!scatter)
    __scatterload_null                       0x080001c3   Thumb Code     0  __scatter.o(!!!scatter)
    __scatterload_copy                       0x080001e9   Thumb Code    26  __scatter_copy.o(!!handler_copy)
    __scatterload_zeroinit                   0x08000205   Thumb Code    28  __scatter_zi.o(!!handler_zi)
    _printf_n                                0x08000221   Thumb Code     0  _printf_n.o(.ARM.Collect$$_printf_percent$$00000001)
    _printf_percent                          0x08000221   Thumb Code     0  _printf_percent.o(.ARM.Collect$$_printf_percent$$00000000)
    _printf_p                                0x08000227   Thumb Code     0  _printf_p.o(.ARM.Collect$$_printf_percent$$00000002)
    _printf_f                                0x0800022d   Thumb Code     0  _printf_f.o(.ARM.Collect$$_printf_percent$$00000003)
    _printf_e                                0x08000233   Thumb Code     0  _printf_e.o(.ARM.Collect$$_printf_percent$$00000004)
    _printf_g                                0x08000239   Thumb Code     0  _printf_g.o(.ARM.Collect$$_printf_percent$$00000005)
    _printf_a                                0x0800023f   Thumb Code     0  _printf_a.o(.ARM.Collect$$_printf_percent$$00000006)
    _printf_ll                               0x08000245   Thumb Code     0  _printf_ll.o(.ARM.Collect$$_printf_percent$$00000007)
    _printf_i                                0x0800024f   Thumb Code     0  _printf_i.o(.ARM.Collect$$_printf_percent$$00000008)
    _printf_d                                0x08000255   Thumb Code     0  _printf_d.o(.ARM.Collect$$_printf_percent$$00000009)
    _printf_u                                0x0800025b   Thumb Code     0  _printf_u.o(.ARM.Collect$$_printf_percent$$0000000A)
    _printf_o                                0x08000261   Thumb Code     0  _printf_o.o(.ARM.Collect$$_printf_percent$$0000000B)
    _printf_x                                0x08000267   Thumb Code     0  _printf_x.o(.ARM.Collect$$_printf_percent$$0000000C)
    _printf_lli                              0x0800026d   Thumb Code     0  _printf_lli.o(.ARM.Collect$$_printf_percent$$0000000D)
    _printf_lld                              0x08000273   Thumb Code     0  _printf_lld.o(.ARM.Collect$$_printf_percent$$0000000E)
    _printf_llu                              0x08000279   Thumb Code     0  _printf_llu.o(.ARM.Collect$$_printf_percent$$0000000F)
    _printf_llo                              0x0800027f   Thumb Code     0  _printf_llo.o(.ARM.Collect$$_printf_percent$$00000010)
    _printf_llx                              0x08000285   Thumb Code     0  _printf_llx.o(.ARM.Collect$$_printf_percent$$00000011)
    _printf_l                                0x0800028b   Thumb Code     0  _printf_l.o(.ARM.Collect$$_printf_percent$$00000012)
    _printf_c                                0x08000295   Thumb Code     0  _printf_c.o(.ARM.Collect$$_printf_percent$$00000013)
    _printf_s                                0x0800029b   Thumb Code     0  _printf_s.o(.ARM.Collect$$_printf_percent$$00000014)
    _printf_lc                               0x080002a1   Thumb Code     0  _printf_lc.o(.ARM.Collect$$_printf_percent$$00000015)
    _printf_ls                               0x080002a7   Thumb Code     0  _printf_ls.o(.ARM.Collect$$_printf_percent$$00000016)
    _printf_percent_end                      0x080002ad   Thumb Code     0  _printf_percent_end.o(.ARM.Collect$$_printf_percent$$00000017)
    __rt_lib_init                            0x080002b1   Thumb Code     0  libinit.o(.ARM.Collect$$libinit$$00000000)
    __rt_lib_init_fp_1                       0x080002b3   Thumb Code     0  libinit2.o(.ARM.Collect$$libinit$$00000001)
    __rt_lib_init_heap_2                     0x080002b7   Thumb Code     0  libinit2.o(.ARM.Collect$$libinit$$00000005)
    __rt_lib_init_preinit_1                  0x080002b7   Thumb Code     0  libinit2.o(.ARM.Collect$$libinit$$00000004)
    __rt_lib_init_heap_1                     0x080002bf   Thumb Code     0  libinit2.o(.ARM.Collect$$libinit$$0000000A)
    __rt_lib_init_lc_common                  0x080002bf   Thumb Code     0  libinit2.o(.ARM.Collect$$libinit$$0000000F)
    __rt_lib_init_rand_1                     0x080002bf   Thumb Code     0  libinit2.o(.ARM.Collect$$libinit$$0000000E)
    __rt_lib_init_user_alloc_1               0x080002bf   Thumb Code     0  libinit2.o(.ARM.Collect$$libinit$$0000000C)
    __rt_lib_init_lc_collate_1               0x080002c5   Thumb Code     0  libinit2.o(.ARM.Collect$$libinit$$00000011)
    __rt_lib_init_lc_ctype_2                 0x080002c5   Thumb Code     0  libinit2.o(.ARM.Collect$$libinit$$00000012)
    __rt_lib_init_lc_ctype_1                 0x080002d1   Thumb Code     0  libinit2.o(.ARM.Collect$$libinit$$00000013)
    __rt_lib_init_lc_monetary_1              0x080002d1   Thumb Code     0  libinit2.o(.ARM.Collect$$libinit$$00000015)
    __rt_lib_init_lc_numeric_2               0x080002d1   Thumb Code     0  libinit2.o(.ARM.Collect$$libinit$$00000016)
    __rt_lib_init_atexit_1                   0x080002db   Thumb Code     0  libinit2.o(.ARM.Collect$$libinit$$0000001B)
    __rt_lib_init_clock_1                    0x080002db   Thumb Code     0  libinit2.o(.ARM.Collect$$libinit$$00000021)
    __rt_lib_init_fp_trap_1                  0x080002db   Thumb Code     0  libinit2.o(.ARM.Collect$$libinit$$0000001F)
    __rt_lib_init_getenv_1                   0x080002db   Thumb Code     0  libinit2.o(.ARM.Collect$$libinit$$00000023)
    __rt_lib_init_lc_numeric_1               0x080002db   Thumb Code     0  libinit2.o(.ARM.Collect$$libinit$$00000017)
    __rt_lib_init_lc_time_1                  0x080002db   Thumb Code     0  libinit2.o(.ARM.Collect$$libinit$$00000019)
    __rt_lib_init_signal_1                   0x080002db   Thumb Code     0  libinit2.o(.ARM.Collect$$libinit$$0000001D)
    __rt_lib_init_stdio_2                    0x080002db   Thumb Code     0  libinit2.o(.ARM.Collect$$libinit$$00000024)
    __rt_lib_init_alloca_1                   0x080002df   Thumb Code     0  libinit2.o(.ARM.Collect$$libinit$$0000002E)
    __rt_lib_init_argv_1                     0x080002df   Thumb Code     0  libinit2.o(.ARM.Collect$$libinit$$0000002C)
    __rt_lib_init_cpp_1                      0x080002df   Thumb Code     0  libinit2.o(.ARM.Collect$$libinit$$00000032)
    __rt_lib_init_exceptions_1               0x080002df   Thumb Code     0  libinit2.o(.ARM.Collect$$libinit$$00000030)
    __rt_lib_init_return                     0x080002df   Thumb Code     0  libinit2.o(.ARM.Collect$$libinit$$00000033)
    __rt_lib_init_stdio_1                    0x080002df   Thumb Code     0  libinit2.o(.ARM.Collect$$libinit$$00000025)
    __rt_lib_shutdown                        0x080002e1   Thumb Code     0  libshutdown.o(.ARM.Collect$$libshutdown$$00000000)
    __rt_lib_shutdown_cpp_1                  0x080002e3   Thumb Code     0  libshutdown2.o(.ARM.Collect$$libshutdown$$00000002)
    __rt_lib_shutdown_stdio_2                0x080002e3   Thumb Code     0  libshutdown2.o(.ARM.Collect$$libshutdown$$00000003)
    __rt_lib_shutdown_fp_trap_1              0x080002e7   Thumb Code     0  libshutdown2.o(.ARM.Collect$$libshutdown$$00000007)
    __rt_lib_shutdown_heap_1                 0x080002e7   Thumb Code     0  libshutdown2.o(.ARM.Collect$$libshutdown$$0000000F)
    __rt_lib_shutdown_return                 0x080002e7   Thumb Code     0  libshutdown2.o(.ARM.Collect$$libshutdown$$00000010)
    __rt_lib_shutdown_signal_1               0x080002e7   Thumb Code     0  libshutdown2.o(.ARM.Collect$$libshutdown$$0000000A)
    __rt_lib_shutdown_stdio_1                0x080002e7   Thumb Code     0  libshutdown2.o(.ARM.Collect$$libshutdown$$00000004)
    __rt_lib_shutdown_user_alloc_1           0x080002e7   Thumb Code     0  libshutdown2.o(.ARM.Collect$$libshutdown$$0000000C)
    __rt_entry                               0x080002e9   Thumb Code     0  __rtentry.o(.ARM.Collect$$rtentry$$00000000)
    __rt_entry_presh_1                       0x080002e9   Thumb Code     0  __rtentry2.o(.ARM.Collect$$rtentry$$00000002)
    __rt_entry_sh                            0x080002e9   Thumb Code     0  __rtentry4.o(.ARM.Collect$$rtentry$$00000004)
    __rt_entry_li                            0x080002ef   Thumb Code     0  __rtentry2.o(.ARM.Collect$$rtentry$$0000000A)
    __rt_entry_postsh_1                      0x080002ef   Thumb Code     0  __rtentry2.o(.ARM.Collect$$rtentry$$00000009)
    __rt_entry_main                          0x080002f3   Thumb Code     0  __rtentry2.o(.ARM.Collect$$rtentry$$0000000D)
    __rt_entry_postli_1                      0x080002f3   Thumb Code     0  __rtentry2.o(.ARM.Collect$$rtentry$$0000000C)
    __rt_exit                                0x080002fb   Thumb Code     0  rtexit.o(.ARM.Collect$$rtexit$$00000000)
    __rt_exit_ls                             0x080002fd   Thumb Code     0  rtexit2.o(.ARM.Collect$$rtexit$$00000003)
    __rt_exit_prels_1                        0x080002fd   Thumb Code     0  rtexit2.o(.ARM.Collect$$rtexit$$00000002)
    __rt_exit_exit                           0x08000301   Thumb Code     0  rtexit2.o(.ARM.Collect$$rtexit$$00000004)
    Reset_Handler                            0x08000309   Thumb Code     8  startup_stm32f429xx.o(.text)
    _maybe_terminate_alloc                   0x08000309   Thumb Code     0  maybetermalloc1.o(.emb_text)
    ADC_IRQHandler                           0x08000323   Thumb Code     0  startup_stm32f429xx.o(.text)
    CAN1_RX0_IRQHandler                      0x08000323   Thumb Code     0  startup_stm32f429xx.o(.text)
    CAN1_RX1_IRQHandler                      0x08000323   Thumb Code     0  startup_stm32f429xx.o(.text)
    CAN1_SCE_IRQHandler                      0x08000323   Thumb Code     0  startup_stm32f429xx.o(.text)
    CAN1_TX_IRQHandler                       0x08000323   Thumb Code     0  startup_stm32f429xx.o(.text)
    CAN2_RX0_IRQHandler                      0x08000323   Thumb Code     0  startup_stm32f429xx.o(.text)
    CAN2_RX1_IRQHandler                      0x08000323   Thumb Code     0  startup_stm32f429xx.o(.text)
    CAN2_SCE_IRQHandler                      0x08000323   Thumb Code     0  startup_stm32f429xx.o(.text)
    CAN2_TX_IRQHandler                       0x08000323   Thumb Code     0  startup_stm32f429xx.o(.text)
    DCMI_IRQHandler                          0x08000323   Thumb Code     0  startup_stm32f429xx.o(.text)
    DMA1_Stream0_IRQHandler                  0x08000323   Thumb Code     0  startup_stm32f429xx.o(.text)
    DMA1_Stream1_IRQHandler                  0x08000323   Thumb Code     0  startup_stm32f429xx.o(.text)
    DMA1_Stream2_IRQHandler                  0x08000323   Thumb Code     0  startup_stm32f429xx.o(.text)
    DMA1_Stream3_IRQHandler                  0x08000323   Thumb Code     0  startup_stm32f429xx.o(.text)
    DMA1_Stream4_IRQHandler                  0x08000323   Thumb Code     0  startup_stm32f429xx.o(.text)
    DMA1_Stream5_IRQHandler                  0x08000323   Thumb Code     0  startup_stm32f429xx.o(.text)
    DMA1_Stream6_IRQHandler                  0x08000323   Thumb Code     0  startup_stm32f429xx.o(.text)
    DMA1_Stream7_IRQHandler                  0x08000323   Thumb Code     0  startup_stm32f429xx.o(.text)
    DMA2D_IRQHandler                         0x08000323   Thumb Code     0  startup_stm32f429xx.o(.text)
    DMA2_Stream0_IRQHandler                  0x08000323   Thumb Code     0  startup_stm32f429xx.o(.text)
    DMA2_Stream1_IRQHandler                  0x08000323   Thumb Code     0  startup_stm32f429xx.o(.text)
    DMA2_Stream2_IRQHandler                  0x08000323   Thumb Code     0  startup_stm32f429xx.o(.text)
    DMA2_Stream3_IRQHandler                  0x08000323   Thumb Code     0  startup_stm32f429xx.o(.text)
    DMA2_Stream4_IRQHandler                  0x08000323   Thumb Code     0  startup_stm32f429xx.o(.text)
    DMA2_Stream5_IRQHandler                  0x08000323   Thumb Code     0  startup_stm32f429xx.o(.text)
    DMA2_Stream6_IRQHandler                  0x08000323   Thumb Code     0  startup_stm32f429xx.o(.text)
    DMA2_Stream7_IRQHandler                  0x08000323   Thumb Code     0  startup_stm32f429xx.o(.text)
    ETH_IRQHandler                           0x08000323   Thumb Code     0  startup_stm32f429xx.o(.text)
    ETH_WKUP_IRQHandler                      0x08000323   Thumb Code     0  startup_stm32f429xx.o(.text)
    EXTI0_IRQHandler                         0x08000323   Thumb Code     0  startup_stm32f429xx.o(.text)
    EXTI15_10_IRQHandler                     0x08000323   Thumb Code     0  startup_stm32f429xx.o(.text)
    EXTI1_IRQHandler                         0x08000323   Thumb Code     0  startup_stm32f429xx.o(.text)
    EXTI2_IRQHandler                         0x08000323   Thumb Code     0  startup_stm32f429xx.o(.text)
    EXTI3_IRQHandler                         0x08000323   Thumb Code     0  startup_stm32f429xx.o(.text)
    EXTI4_IRQHandler                         0x08000323   Thumb Code     0  startup_stm32f429xx.o(.text)
    EXTI9_5_IRQHandler                       0x08000323   Thumb Code     0  startup_stm32f429xx.o(.text)
    FLASH_IRQHandler                         0x08000323   Thumb Code     0  startup_stm32f429xx.o(.text)
    FMC_IRQHandler                           0x08000323   Thumb Code     0  startup_stm32f429xx.o(.text)
    FPU_IRQHandler                           0x08000323   Thumb Code     0  startup_stm32f429xx.o(.text)
    HASH_RNG_IRQHandler                      0x08000323   Thumb Code     0  startup_stm32f429xx.o(.text)
    I2C1_ER_IRQHandler                       0x08000323   Thumb Code     0  startup_stm32f429xx.o(.text)
    I2C1_EV_IRQHandler                       0x08000323   Thumb Code     0  startup_stm32f429xx.o(.text)
    I2C2_ER_IRQHandler                       0x08000323   Thumb Code     0  startup_stm32f429xx.o(.text)
    I2C2_EV_IRQHandler                       0x08000323   Thumb Code     0  startup_stm32f429xx.o(.text)
    I2C3_ER_IRQHandler                       0x08000323   Thumb Code     0  startup_stm32f429xx.o(.text)
    I2C3_EV_IRQHandler                       0x08000323   Thumb Code     0  startup_stm32f429xx.o(.text)
    LTDC_ER_IRQHandler                       0x08000323   Thumb Code     0  startup_stm32f429xx.o(.text)
    LTDC_IRQHandler                          0x08000323   Thumb Code     0  startup_stm32f429xx.o(.text)
    OTG_FS_IRQHandler                        0x08000323   Thumb Code     0  startup_stm32f429xx.o(.text)
    OTG_FS_WKUP_IRQHandler                   0x08000323   Thumb Code     0  startup_stm32f429xx.o(.text)
    OTG_HS_EP1_IN_IRQHandler                 0x08000323   Thumb Code     0  startup_stm32f429xx.o(.text)
    OTG_HS_EP1_OUT_IRQHandler                0x08000323   Thumb Code     0  startup_stm32f429xx.o(.text)
    OTG_HS_IRQHandler                        0x08000323   Thumb Code     0  startup_stm32f429xx.o(.text)
    OTG_HS_WKUP_IRQHandler                   0x08000323   Thumb Code     0  startup_stm32f429xx.o(.text)
    PVD_IRQHandler                           0x08000323   Thumb Code     0  startup_stm32f429xx.o(.text)
    RCC_IRQHandler                           0x08000323   Thumb Code     0  startup_stm32f429xx.o(.text)
    RTC_Alarm_IRQHandler                     0x08000323   Thumb Code     0  startup_stm32f429xx.o(.text)
    RTC_WKUP_IRQHandler                      0x08000323   Thumb Code     0  startup_stm32f429xx.o(.text)
    SAI1_IRQHandler                          0x08000323   Thumb Code     0  startup_stm32f429xx.o(.text)
    SDIO_IRQHandler                          0x08000323   Thumb Code     0  startup_stm32f429xx.o(.text)
    SPI1_IRQHandler                          0x08000323   Thumb Code     0  startup_stm32f429xx.o(.text)
    SPI2_IRQHandler                          0x08000323   Thumb Code     0  startup_stm32f429xx.o(.text)
    SPI3_IRQHandler                          0x08000323   Thumb Code     0  startup_stm32f429xx.o(.text)
    SPI4_IRQHandler                          0x08000323   Thumb Code     0  startup_stm32f429xx.o(.text)
    SPI5_IRQHandler                          0x08000323   Thumb Code     0  startup_stm32f429xx.o(.text)
    SPI6_IRQHandler                          0x08000323   Thumb Code     0  startup_stm32f429xx.o(.text)
    TAMP_STAMP_IRQHandler                    0x08000323   Thumb Code     0  startup_stm32f429xx.o(.text)
    TIM1_BRK_TIM9_IRQHandler                 0x08000323   Thumb Code     0  startup_stm32f429xx.o(.text)
    TIM1_CC_IRQHandler                       0x08000323   Thumb Code     0  startup_stm32f429xx.o(.text)
    TIM1_TRG_COM_TIM11_IRQHandler            0x08000323   Thumb Code     0  startup_stm32f429xx.o(.text)
    TIM1_UP_TIM10_IRQHandler                 0x08000323   Thumb Code     0  startup_stm32f429xx.o(.text)
    TIM2_IRQHandler                          0x08000323   Thumb Code     0  startup_stm32f429xx.o(.text)
    TIM3_IRQHandler                          0x08000323   Thumb Code     0  startup_stm32f429xx.o(.text)
    TIM4_IRQHandler                          0x08000323   Thumb Code     0  startup_stm32f429xx.o(.text)
    TIM5_IRQHandler                          0x08000323   Thumb Code     0  startup_stm32f429xx.o(.text)
    TIM6_DAC_IRQHandler                      0x08000323   Thumb Code     0  startup_stm32f429xx.o(.text)
    TIM7_IRQHandler                          0x08000323   Thumb Code     0  startup_stm32f429xx.o(.text)
    TIM8_BRK_TIM12_IRQHandler                0x08000323   Thumb Code     0  startup_stm32f429xx.o(.text)
    TIM8_CC_IRQHandler                       0x08000323   Thumb Code     0  startup_stm32f429xx.o(.text)
    TIM8_TRG_COM_TIM14_IRQHandler            0x08000323   Thumb Code     0  startup_stm32f429xx.o(.text)
    TIM8_UP_TIM13_IRQHandler                 0x08000323   Thumb Code     0  startup_stm32f429xx.o(.text)
    UART4_IRQHandler                         0x08000323   Thumb Code     0  startup_stm32f429xx.o(.text)
    UART5_IRQHandler                         0x08000323   Thumb Code     0  startup_stm32f429xx.o(.text)
    UART7_IRQHandler                         0x08000323   Thumb Code     0  startup_stm32f429xx.o(.text)
    UART8_IRQHandler                         0x08000323   Thumb Code     0  startup_stm32f429xx.o(.text)
    USART1_IRQHandler                        0x08000323   Thumb Code     0  startup_stm32f429xx.o(.text)
    USART2_IRQHandler                        0x08000323   Thumb Code     0  startup_stm32f429xx.o(.text)
    USART6_IRQHandler                        0x08000323   Thumb Code     0  startup_stm32f429xx.o(.text)
    WWDG_IRQHandler                          0x08000323   Thumb Code     0  startup_stm32f429xx.o(.text)
    __user_initial_stackheap                 0x08000325   Thumb Code     0  startup_stm32f429xx.o(.text)
    __aeabi_uldivmod                         0x08000349   Thumb Code     0  lludivv7m.o(.text)
    _ll_udiv                                 0x08000349   Thumb Code   238  lludivv7m.o(.text)
    printf                                   0x08000439   Thumb Code    20  printf.o(.text)
    __2sprintf                               0x08000451   Thumb Code    38  __2sprintf.o(.text)
    __printf                                 0x0800047d   Thumb Code   388  __printf_flags_ss_wp.o(.text)
    __aeabi_memclr4                          0x08000605   Thumb Code     0  rt_memclr_w.o(.text)
    __aeabi_memclr8                          0x08000605   Thumb Code     0  rt_memclr_w.o(.text)
    __rt_memclr_w                            0x08000605   Thumb Code    78  rt_memclr_w.o(.text)
    _memset_w                                0x08000609   Thumb Code     0  rt_memclr_w.o(.text)
    __use_two_region_memory                  0x08000653   Thumb Code     2  heapauxi.o(.text)
    __rt_heap_escrow                         0x08000655   Thumb Code     2  heapauxi.o(.text)
    __rt_heap_expand                         0x08000657   Thumb Code     2  heapauxi.o(.text)
    _printf_pre_padding                      0x08000659   Thumb Code    44  _printf_pad.o(.text)
    _printf_post_padding                     0x08000685   Thumb Code    34  _printf_pad.o(.text)
    _printf_truncate_signed                  0x080006a7   Thumb Code    18  _printf_truncate.o(.text)
    _printf_truncate_unsigned                0x080006b9   Thumb Code    18  _printf_truncate.o(.text)
    _printf_str                              0x080006cb   Thumb Code    82  _printf_str.o(.text)
    _printf_int_dec                          0x0800071d   Thumb Code   104  _printf_dec.o(.text)
    _printf_charcount                        0x08000795   Thumb Code    40  _printf_charcount.o(.text)
    __lib_sel_fp_printf                      0x080007bd   Thumb Code     2  _printf_fp_dec.o(.text)
    _printf_fp_dec_real                      0x0800096f   Thumb Code   620  _printf_fp_dec.o(.text)
    _printf_char_common                      0x08000be7   Thumb Code    32  _printf_char_common.o(.text)
    _sputc                                   0x08000c0d   Thumb Code    10  _sputc.o(.text)
    _printf_char_file                        0x08000c19   Thumb Code    32  _printf_char_file.o(.text)
    _printf_wctomb                           0x08000c3d   Thumb Code   182  _printf_wctomb.o(.text)
    _printf_longlong_dec                     0x08000cf9   Thumb Code   108  _printf_longlong_dec.o(.text)
    _printf_longlong_oct                     0x08000d75   Thumb Code    66  _printf_oct_int_ll.o(.text)
    _printf_int_oct                          0x08000db7   Thumb Code    24  _printf_oct_int_ll.o(.text)
    _printf_ll_oct                           0x08000dcf   Thumb Code    12  _printf_oct_int_ll.o(.text)
    _printf_longlong_hex                     0x08000de5   Thumb Code    86  _printf_hex_int_ll_ptr.o(.text)
    _printf_int_hex                          0x08000e3b   Thumb Code    28  _printf_hex_int_ll_ptr.o(.text)
    _printf_ll_hex                           0x08000e57   Thumb Code    12  _printf_hex_int_ll_ptr.o(.text)
    _printf_hex_ptr                          0x08000e63   Thumb Code    18  _printf_hex_int_ll_ptr.o(.text)
    __rt_locale                              0x08000e79   Thumb Code     8  rt_locale_intlibspace.o(.text)
    _ll_udiv10                               0x08000e81   Thumb Code   138  lludiv10.o(.text)
    _printf_int_common                       0x08000f0b   Thumb Code   178  _printf_intcommon.o(.text)
    _printf_fp_hex_real                      0x08000fbd   Thumb Code   756  _printf_fp_hex.o(.text)
    _printf_fp_infnan                        0x080012b9   Thumb Code   112  _printf_fp_infnan.o(.text)
    _printf_cs_common                        0x08001339   Thumb Code    20  _printf_char.o(.text)
    _printf_char                             0x0800134d   Thumb Code    16  _printf_char.o(.text)
    _printf_string                           0x0800135d   Thumb Code     8  _printf_char.o(.text)
    _printf_lcs_common                       0x08001365   Thumb Code    20  _printf_wchar.o(.text)
    _printf_wchar                            0x08001379   Thumb Code    16  _printf_wchar.o(.text)
    _printf_wstring                          0x08001389   Thumb Code     8  _printf_wchar.o(.text)
    _btod_etento                             0x08001391   Thumb Code   224  bigflt0.o(.text)
    ferror                                   0x08001475   Thumb Code     8  ferror.o(.text)
    _initio                                  0x0800147d   Thumb Code   210  initio.o(.text)
    _terminateio                             0x0800154f   Thumb Code    56  initio.o(.text)
    _wcrtomb                                 0x080015b5   Thumb Code    64  _wcrtomb.o(.text)
    _sys_open                                0x080015f5   Thumb Code    20  sys_io.o(.text)
    _sys_close                               0x08001609   Thumb Code    12  sys_io.o(.text)
    _sys_write                               0x08001615   Thumb Code    16  sys_io.o(.text)
    _sys_read                                0x08001625   Thumb Code    14  sys_io.o(.text)
    _sys_istty                               0x08001633   Thumb Code    12  sys_io.o(.text)
    _sys_seek                                0x0800163f   Thumb Code    14  sys_io.o(.text)
    _sys_ensure                              0x0800164d   Thumb Code     2  sys_io.o(.text)
    _sys_flen                                0x0800164f   Thumb Code    12  sys_io.o(.text)
    __user_libspace                          0x0800165d   Thumb Code     8  libspace.o(.text)
    __user_perproc_libspace                  0x0800165d   Thumb Code     0  libspace.o(.text)
    __user_perthread_libspace                0x0800165d   Thumb Code     0  libspace.o(.text)
    __user_setup_stackheap                   0x08001665   Thumb Code    74  sys_stackheap_outer.o(.text)
    __rt_ctype_table                         0x080016b1   Thumb Code    16  rt_ctype_table.o(.text)
    free                                     0x080016c1   Thumb Code    78  h1_free.o(.text)
    __flsbuf                                 0x0800170f   Thumb Code   470  flsbuf.o(.text)
    __flsbuf_byte                            0x0800170f   Thumb Code     0  flsbuf.o(.text)
    __flsbuf_wide                            0x0800170f   Thumb Code     0  flsbuf.o(.text)
    setvbuf                                  0x080018e5   Thumb Code    70  setvbuf.o(.text)
    freopen                                  0x0800192d   Thumb Code   158  fopen.o(.text)
    fopen                                    0x080019cb   Thumb Code    74  fopen.o(.text)
    _fclose_internal                         0x08001a19   Thumb Code    76  fclose.o(.text)
    fclose                                   0x08001a19   Thumb Code     0  fclose.o(.text)
    exit                                     0x08001a65   Thumb Code    18  exit.o(.text)
    __rt_SIGRTRED                            0x08001a77   Thumb Code    14  defsig_rtred_outer.o(.text)
    strcmp                                   0x08001a85   Thumb Code   128  strcmpv7m.o(.text)
    __I$use$semihosting                      0x08001b05   Thumb Code     0  use_no_semi.o(.text)
    __use_no_semihosting_swi                 0x08001b05   Thumb Code     2  use_no_semi.o(.text)
    __semihosting_library_function           0x08001b07   Thumb Code     0  indicate_semi.o(.text)
    __rt_heap_descriptor                     0x08001b09   Thumb Code     8  rt_heap_descriptor_intlibspace.o(.text)
    __use_no_heap                            0x08001b11   Thumb Code     2  hguard.o(.text)
    __heap$guard                             0x08001b13   Thumb Code     2  hguard.o(.text)
    _terminate_user_alloc                    0x08001b15   Thumb Code     2  init_alloc.o(.text)
    _init_user_alloc                         0x08001b17   Thumb Code     2  init_alloc.o(.text)
    __Heap_Full                              0x08001b19   Thumb Code    34  init_alloc.o(.text)
    __Heap_Broken                            0x08001b3b   Thumb Code     6  init_alloc.o(.text)
    _init_alloc                              0x08001b41   Thumb Code    94  init_alloc.o(.text)
    malloc                                   0x08001b9f   Thumb Code    94  h1_alloc.o(.text)
    _fseek                                   0x08001bfd   Thumb Code   242  fseek.o(.text)
    fseek                                    0x08001bfd   Thumb Code     0  fseek.o(.text)
    _seterr                                  0x08001cf5   Thumb Code    20  stdio.o(.text)
    _writebuf                                0x08001d09   Thumb Code    84  stdio.o(.text)
    _fflush                                  0x08001d5d   Thumb Code    70  stdio.o(.text)
    _deferredlazyseek                        0x08001da3   Thumb Code    60  stdio.o(.text)
    __sig_exit                               0x08001de5   Thumb Code    10  defsig_exit.o(.text)
    __rt_SIGRTRED_inner                      0x08001df1   Thumb Code    14  defsig_rtred_inner.o(.text)
    strlen                                   0x08001e25   Thumb Code    62  strlen.o(.text)
    _sys_exit                                0x08001e65   Thumb Code     8  sys_exit.o(.text)
    __Heap_Initialize                        0x08001e71   Thumb Code    10  h1_init.o(.text)
    __Heap_DescSize                          0x08001e7b   Thumb Code     4  h1_init.o(.text)
    __Heap_ProvideMemory                     0x08001e7f   Thumb Code    52  h1_extend.o(.text)
    _ftell_internal                          0x08001eb3   Thumb Code    66  ftell.o(.text)
    ftell                                    0x08001eb3   Thumb Code     0  ftell.o(.text)
    __default_signal_display                 0x08001ef5   Thumb Code    50  defsig_general.o(.text)
    __rt_SIGRTMEM                            0x08001f27   Thumb Code    14  defsig_rtmem_outer.o(.text)
    _ttywrch                                 0x08001f35   Thumb Code    14  sys_wrch.o(.text)
    __aeabi_errno_addr                       0x08001f45   Thumb Code     8  rt_errno_addr_intlibspace.o(.text)
    __errno$intlibspace                      0x08001f45   Thumb Code     0  rt_errno_addr_intlibspace.o(.text)
    __rt_errno_addr$intlibspace              0x08001f45   Thumb Code     0  rt_errno_addr_intlibspace.o(.text)
    __rt_SIGRTMEM_inner                      0x08001f4d   Thumb Code    22  defsig_rtmem_inner.o(.text)
    _btod_d2e                                0x08001f9d   Thumb Code    62  btod.o(CL$$btod_d2e)
    _d2e_denorm_low                          0x08001fdb   Thumb Code    70  btod.o(CL$$btod_d2e_denorm_low)
    _d2e_norm_op1                            0x08002021   Thumb Code    96  btod.o(CL$$btod_d2e_norm_op1)
    __btod_div_common                        0x08002081   Thumb Code   696  btod.o(CL$$btod_div_common)
    _e2e                                     0x080023b9   Thumb Code   220  btod.o(CL$$btod_e2e)
    _btod_ediv                               0x08002495   Thumb Code    42  btod.o(CL$$btod_ediv)
    _btod_emul                               0x080024bf   Thumb Code    42  btod.o(CL$$btod_emul)
    __btod_mult_common                       0x080024e9   Thumb Code   580  btod.o(CL$$btod_mult_common)
    ADC1_Init                                0x0800272d   Thumb Code   106  potenciometro.o(i.ADC1_Init)
    BusFault_Handler                         0x08002905   Thumb Code     4  stm32f4xx_it.o(i.BusFault_Handler)
    DebugMon_Handler                         0x08002909   Thumb Code     2  stm32f4xx_it.o(i.DebugMon_Handler)
    Delay_ms                                 0x0800290b   Thumb Code    26  delay.o(i.Delay_ms)
    Delay_us                                 0x08002925   Thumb Code    18  delay.o(i.Delay_us)
    HAL_ADC_ConfigChannel                    0x08002c81   Thumb Code   400  stm32f4xx_hal_adc.o(i.HAL_ADC_ConfigChannel)
    HAL_ADC_GetValue                         0x08002e25   Thumb Code     8  stm32f4xx_hal_adc.o(i.HAL_ADC_GetValue)
    HAL_ADC_Init                             0x08002e2d   Thumb Code   100  stm32f4xx_hal_adc.o(i.HAL_ADC_Init)
    HAL_ADC_MspInit                          0x08002e95   Thumb Code   164  stm32f4xx_hal_msp.o(i.HAL_ADC_MspInit)
    HAL_ADC_PollForConversion                0x08002f49   Thumb Code   194  stm32f4xx_hal_adc.o(i.HAL_ADC_PollForConversion)
    HAL_ADC_Start                            0x0800300d   Thumb Code   290  stm32f4xx_hal_adc.o(i.HAL_ADC_Start)
    HAL_DMA_Abort                            0x08003149   Thumb Code   170  stm32f4xx_hal_dma.o(i.HAL_DMA_Abort)
    HAL_GPIO_DeInit                          0x080031f5   Thumb Code   336  stm32f4xx_hal_gpio.o(i.HAL_GPIO_DeInit)
    HAL_GPIO_Init                            0x08003375   Thumb Code   486  stm32f4xx_hal_gpio.o(i.HAL_GPIO_Init)
    HAL_GPIO_ReadPin                         0x08003591   Thumb Code    16  stm32f4xx_hal_gpio.o(i.HAL_GPIO_ReadPin)
    HAL_GPIO_WritePin                        0x080035a1   Thumb Code    12  stm32f4xx_hal_gpio.o(i.HAL_GPIO_WritePin)
    HAL_GetTick                              0x080035ad   Thumb Code     6  stm32f4xx_hal.o(i.HAL_GetTick)
    HAL_IWDG_Init                            0x080035b9   Thumb Code    80  stm32f4xx_hal_iwdg.o(i.HAL_IWDG_Init)
    HAL_IWDG_Refresh                         0x08003609   Thumb Code    14  stm32f4xx_hal_iwdg.o(i.HAL_IWDG_Refresh)
    HAL_IncTick                              0x08003619   Thumb Code    16  stm32f4xx_hal.o(i.HAL_IncTick)
    HAL_Init                                 0x08003631   Thumb Code    44  stm32f4xx_hal.o(i.HAL_Init)
    HAL_InitTick                             0x08003661   Thumb Code    64  stm32f4xx_hal.o(i.HAL_InitTick)
    HAL_MspInit                              0x080036ad   Thumb Code    68  stm32f4xx_hal_msp.o(i.HAL_MspInit)
    HAL_NVIC_DisableIRQ                      0x080036f5   Thumb Code    38  stm32f4xx_hal_cortex.o(i.HAL_NVIC_DisableIRQ)
    HAL_NVIC_SetPriority                     0x08003721   Thumb Code   124  stm32f4xx_hal_cortex.o(i.HAL_NVIC_SetPriority)
    HAL_NVIC_SetPriorityGrouping             0x0800379d   Thumb Code    32  stm32f4xx_hal_cortex.o(i.HAL_NVIC_SetPriorityGrouping)
    HAL_PWREx_EnableOverDrive                0x080037c5   Thumb Code   128  stm32f4xx_hal_pwr_ex.o(i.HAL_PWREx_EnableOverDrive)
    HAL_RCC_ClockConfig                      0x08003851   Thumb Code   368  stm32f4xx_hal_rcc.o(i.HAL_RCC_ClockConfig)
    HAL_RCC_GetHCLKFreq                      0x080039d5   Thumb Code     6  stm32f4xx_hal_rcc.o(i.HAL_RCC_GetHCLKFreq)
    HAL_RCC_GetPCLK1Freq                     0x080039e1   Thumb Code    22  stm32f4xx_hal_rcc.o(i.HAL_RCC_GetPCLK1Freq)
    HAL_RCC_GetSysClockFreq                  0x08003a01   Thumb Code   162  stm32f4xx_hal_rcc.o(i.HAL_RCC_GetSysClockFreq)
    HAL_RCC_OscConfig                        0x08003ab1   Thumb Code  1152  stm32f4xx_hal_rcc.o(i.HAL_RCC_OscConfig)
    HAL_SYSTICK_Config                       0x08003f39   Thumb Code    52  stm32f4xx_hal_cortex.o(i.HAL_SYSTICK_Config)
    HAL_TIMEx_MasterConfigSynchronization    0x08003f6d   Thumb Code   150  stm32f4xx_hal_tim_ex.o(i.HAL_TIMEx_MasterConfigSynchronization)
    HAL_TIM_Base_Init                        0x08004021   Thumb Code    52  stm32f4xx_hal_tim.o(i.HAL_TIM_Base_Init)
    HAL_TIM_Base_MspInit                     0x08004055   Thumb Code    58  stm32f4xx_hal_msp.o(i.HAL_TIM_Base_MspInit)
    HAL_TIM_Base_Start                       0x08004099   Thumb Code    42  stm32f4xx_hal_tim.o(i.HAL_TIM_Base_Start)
    HAL_TIM_ConfigClockSource                0x080040c3   Thumb Code   264  stm32f4xx_hal_tim.o(i.HAL_TIM_ConfigClockSource)
    HardFault_Handler                        0x080041cb   Thumb Code     4  stm32f4xx_it.o(i.HardFault_Handler)
    Init_Delay                               0x080041d1   Thumb Code   118  delay.o(i.Init_Delay)
    MemManage_Handler                        0x08004251   Thumb Code     4  stm32f4xx_it.o(i.MemManage_Handler)
    NMI_Handler                              0x08004255   Thumb Code     2  stm32f4xx_it.o(i.NMI_Handler)
    PendSV_Handler                           0x08004257   Thumb Code     2  stm32f4xx_it.o(i.PendSV_Handler)
    SVC_Handler                              0x08004259   Thumb Code     2  stm32f4xx_it.o(i.SVC_Handler)
    SysTick_Handler                          0x0800425b   Thumb Code     8  stm32f4xx_it.o(i.SysTick_Handler)
    SystemCoreClockUpdate                    0x0800432d   Thumb Code   170  system_stm32f4xx.o(i.SystemCoreClockUpdate)
    SystemInit                               0x080043ed   Thumb Code    24  system_stm32f4xx.o(i.SystemInit)
    TIM_Base_SetConfig                       0x08004409   Thumb Code   170  stm32f4xx_hal_tim.o(i.TIM_Base_SetConfig)
    TIM_ETR_SetConfig                        0x080044e1   Thumb Code    22  stm32f4xx_hal_tim.o(i.TIM_ETR_SetConfig)
    USART3_IRQHandler                        0x080045c1   Thumb Code    10  usart_stm32f4xx.o(i.USART3_IRQHandler)
    USART_IRQHandler                         0x08005033   Thumb Code   626  usart_stm32f4xx.o(i.USART_IRQHandler)
    UsageFault_Handler                       0x08005ad5   Thumb Code     4  stm32f4xx_it.o(i.UsageFault_Handler)
    __ARM_fpclassify                         0x08005ad9   Thumb Code    48  fpclassify.o(i.__ARM_fpclassify)
    _is_digit                                0x08005b41   Thumb Code    14  __printf_wp.o(i._is_digit)
    fputc                                    0x08005b4f   Thumb Code    26  fputc.o(i.fputc)
    init_USART                               0x08005b69   Thumb Code    86  usart.o(i.init_USART)
    init_Watchdog                            0x08005bc5   Thumb Code    36  watchdog.o(i.init_Watchdog)
    lectura                                  0x08005bf1   Thumb Code   116  potenciometro.o(i.lectura)
    main                                     0x08005c7d   Thumb Code   138  main.o(i.main)
    reset_Watchdog                           0x08005d49   Thumb Code    10  watchdog.o(i.reset_Watchdog)
    tx_USART                                 0x08005d59   Thumb Code    74  usart.o(i.tx_USART)
    _get_lc_numeric                          0x08005da9   Thumb Code    44  lc_numeric_c.o(locale$$code)
    _get_lc_ctype                            0x08005dd5   Thumb Code    44  lc_ctype_c.o(locale$$code)
    __aeabi_d2f                              0x08005e01   Thumb Code     0  d2f.o(x$fpl$d2f)
    _d2f                                     0x08005e01   Thumb Code    98  d2f.o(x$fpl$d2f)
    __aeabi_ddiv                             0x08005e65   Thumb Code     0  ddiv.o(x$fpl$ddiv)
    _ddiv                                    0x08005e65   Thumb Code   552  ddiv.o(x$fpl$ddiv)
    __aeabi_ui2d                             0x08006115   Thumb Code     0  dflt_clz.o(x$fpl$dfltu)
    _dfltu                                   0x08006115   Thumb Code    38  dflt_clz.o(x$fpl$dfltu)
    __aeabi_dmul                             0x0800613d   Thumb Code     0  dmul.o(x$fpl$dmul)
    _dmul                                    0x0800613d   Thumb Code   332  dmul.o(x$fpl$dmul)
    __fpl_dnaninf                            0x08006291   Thumb Code   156  dnaninf.o(x$fpl$dnaninf)
    __fpl_dretinf                            0x0800632d   Thumb Code    12  dretinf.o(x$fpl$dretinf)
    __aeabi_f2d                              0x08006339   Thumb Code     0  f2d.o(x$fpl$f2d)
    _f2d                                     0x08006339   Thumb Code    86  f2d.o(x$fpl$f2d)
    __fpl_fnaninf                            0x0800638f   Thumb Code   140  fnaninf.o(x$fpl$fnaninf)
    _fp_init                                 0x0800641b   Thumb Code    10  fpinit.o(x$fpl$fpinit)
    __fplib_config_fpu_vfp                   0x08006423   Thumb Code     0  fpinit.o(x$fpl$fpinit)
    __fplib_config_pureend_doubles           0x08006423   Thumb Code     0  fpinit.o(x$fpl$fpinit)
    __fpl_fretinf                            0x08006425   Thumb Code    10  fretinf.o(x$fpl$fretinf)
    _printf_fp_dec                           0x0800642f   Thumb Code     4  printf1.o(x$fpl$printf1)
    _printf_fp_hex                           0x08006433   Thumb Code     4  printf2.o(x$fpl$printf2)
    __I$use$fp                               0x08006436   Number         0  usenofp.o(x$fpl$usenofp)
    Driver_USART3                            0x08006488   Data          56  usart_stm32f4xx.o(.constdata)
    AHBPrescTable                            0x080064c0   Data          16  system_stm32f4xx.o(.constdata)
    APBPrescTable                            0x080064d0   Data           8  system_stm32f4xx.o(.constdata)
    __stdin_name                             0x080065d8   Data           4  sys_io.o(.constdata)
    __stdout_name                            0x080065dc   Data           4  sys_io.o(.constdata)
    __stderr_name                            0x080065e0   Data           4  sys_io.o(.constdata)
    Region$$Table$$Base                      0x080065e4   Number         0  anon$$obj.o(Region$$Table)
    Region$$Table$$Limit                     0x08006604   Number         0  anon$$obj.o(Region$$Table)
    __ctype                                  0x0800662d   Data           0  lc_ctype_c.o(locale$$data)
    v                                        0x20000000   Data           4  main.o(.data)
    size                                     0x20000004   Data           4  main.o(.data)
    uwTick                                   0x2000000c   Data           4  stm32f4xx_hal.o(.data)
    uwTickPrio                               0x20000010   Data           4  stm32f4xx_hal.o(.data)
    uwTickFreq                               0x20000014   Data           1  stm32f4xx_hal.o(.data)
    SystemCoreClock                          0x20000018   Data           4  system_stm32f4xx.o(.data)
    __aeabi_stdin                            0x2000001c   Data           4  stdio_streams.o(.data)
    __aeabi_stdout                           0x20000020   Data           4  stdio_streams.o(.data)
    __aeabi_stderr                           0x20000024   Data           4  stdio_streams.o(.data)
    buf                                      0x20000028   Data         100  main.o(.bss)
    hadc1                                    0x2000008c   Data          72  potenciometro.o(.bss)
    htim6                                    0x200000d4   Data          64  delay.o(.bss)
    IwdgHandle                               0x20000114   Data          12  watchdog.o(.bss)
    __stdin                                  0x20000158   Data          84  stdio_streams.o(.bss)
    __stdout                                 0x200001ac   Data          84  stdio_streams.o(.bss)
    __stderr                                 0x20000200   Data          84  stdio_streams.o(.bss)
    __libspace_start                         0x20000254   Data          96  libspace.o(.bss)
    __temporary_stack_top$libspace           0x200002b4   Data           0  libspace.o(.bss)



==============================================================================

Memory Map of the image

  Image Entry point : 0x080001ad

  Load Region LR_IROM1 (Base: 0x08000000, Size: 0x00006758, Max: 0x00200000, ABSOLUTE)

    Execution Region ER_IROM1 (Exec base: 0x08000000, Load base: 0x08000000, Size: 0x00006730, Max: 0x00200000, ABSOLUTE)

    Exec Addr    Load Addr    Size         Type   Attr      Idx    E Section Name        Object

    0x08000000   0x08000000   0x000001ac   Data   RO         2765    RESET               startup_stm32f429xx.o
    0x080001ac   0x080001ac   0x00000008   Code   RO         2875  * !!!main             c_w.l(__main.o)
    0x080001b4   0x080001b4   0x00000034   Code   RO         3391    !!!scatter          c_w.l(__scatter.o)
    0x080001e8   0x080001e8   0x0000001a   Code   RO         3393    !!handler_copy      c_w.l(__scatter_copy.o)
    0x08000202   0x08000202   0x00000002   PAD
    0x08000204   0x08000204   0x0000001c   Code   RO         3395    !!handler_zi        c_w.l(__scatter_zi.o)
    0x08000220   0x08000220   0x00000000   Code   RO         2870    .ARM.Collect$$_printf_percent$$00000000  c_w.l(_printf_percent.o)
    0x08000220   0x08000220   0x00000006   Code   RO         2952    .ARM.Collect$$_printf_percent$$00000001  c_w.l(_printf_n.o)
    0x08000226   0x08000226   0x00000006   Code   RO         2954    .ARM.Collect$$_printf_percent$$00000002  c_w.l(_printf_p.o)
    0x0800022c   0x0800022c   0x00000006   Code   RO         2869    .ARM.Collect$$_printf_percent$$00000003  c_w.l(_printf_f.o)
    0x08000232   0x08000232   0x00000006   Code   RO         2959    .ARM.Collect$$_printf_percent$$00000004  c_w.l(_printf_e.o)
    0x08000238   0x08000238   0x00000006   Code   RO         2960    .ARM.Collect$$_printf_percent$$00000005  c_w.l(_printf_g.o)
    0x0800023e   0x0800023e   0x00000006   Code   RO         2961    .ARM.Collect$$_printf_percent$$00000006  c_w.l(_printf_a.o)
    0x08000244   0x08000244   0x0000000a   Code   RO         2966    .ARM.Collect$$_printf_percent$$00000007  c_w.l(_printf_ll.o)
    0x0800024e   0x0800024e   0x00000006   Code   RO         2956    .ARM.Collect$$_printf_percent$$00000008  c_w.l(_printf_i.o)
    0x08000254   0x08000254   0x00000006   Code   RO         2957    .ARM.Collect$$_printf_percent$$00000009  c_w.l(_printf_d.o)
    0x0800025a   0x0800025a   0x00000006   Code   RO         2958    .ARM.Collect$$_printf_percent$$0000000A  c_w.l(_printf_u.o)
    0x08000260   0x08000260   0x00000006   Code   RO         2955    .ARM.Collect$$_printf_percent$$0000000B  c_w.l(_printf_o.o)
    0x08000266   0x08000266   0x00000006   Code   RO         2953    .ARM.Collect$$_printf_percent$$0000000C  c_w.l(_printf_x.o)
    0x0800026c   0x0800026c   0x00000006   Code   RO         2963    .ARM.Collect$$_printf_percent$$0000000D  c_w.l(_printf_lli.o)
    0x08000272   0x08000272   0x00000006   Code   RO         2964    .ARM.Collect$$_printf_percent$$0000000E  c_w.l(_printf_lld.o)
    0x08000278   0x08000278   0x00000006   Code   RO         2965    .ARM.Collect$$_printf_percent$$0000000F  c_w.l(_printf_llu.o)
    0x0800027e   0x0800027e   0x00000006   Code   RO         2970    .ARM.Collect$$_printf_percent$$00000010  c_w.l(_printf_llo.o)
    0x08000284   0x08000284   0x00000006   Code   RO         2971    .ARM.Collect$$_printf_percent$$00000011  c_w.l(_printf_llx.o)
    0x0800028a   0x0800028a   0x0000000a   Code   RO         2967    .ARM.Collect$$_printf_percent$$00000012  c_w.l(_printf_l.o)
    0x08000294   0x08000294   0x00000006   Code   RO         2950    .ARM.Collect$$_printf_percent$$00000013  c_w.l(_printf_c.o)
    0x0800029a   0x0800029a   0x00000006   Code   RO         2951    .ARM.Collect$$_printf_percent$$00000014  c_w.l(_printf_s.o)
    0x080002a0   0x080002a0   0x00000006   Code   RO         2968    .ARM.Collect$$_printf_percent$$00000015  c_w.l(_printf_lc.o)
    0x080002a6   0x080002a6   0x00000006   Code   RO         2969    .ARM.Collect$$_printf_percent$$00000016  c_w.l(_printf_ls.o)
    0x080002ac   0x080002ac   0x00000004   Code   RO         2962    .ARM.Collect$$_printf_percent$$00000017  c_w.l(_printf_percent_end.o)
    0x080002b0   0x080002b0   0x00000002   Code   RO         3178    .ARM.Collect$$libinit$$00000000  c_w.l(libinit.o)
    0x080002b2   0x080002b2   0x00000004   Code   RO         3179    .ARM.Collect$$libinit$$00000001  c_w.l(libinit2.o)
    0x080002b6   0x080002b6   0x00000000   Code   RO         3182    .ARM.Collect$$libinit$$00000004  c_w.l(libinit2.o)
    0x080002b6   0x080002b6   0x00000008   Code   RO         3183    .ARM.Collect$$libinit$$00000005  c_w.l(libinit2.o)
    0x080002be   0x080002be   0x00000000   Code   RO         3185    .ARM.Collect$$libinit$$0000000A  c_w.l(libinit2.o)
    0x080002be   0x080002be   0x00000000   Code   RO         3187    .ARM.Collect$$libinit$$0000000C  c_w.l(libinit2.o)
    0x080002be   0x080002be   0x00000000   Code   RO         3189    .ARM.Collect$$libinit$$0000000E  c_w.l(libinit2.o)
    0x080002be   0x080002be   0x00000006   Code   RO         3190    .ARM.Collect$$libinit$$0000000F  c_w.l(libinit2.o)
    0x080002c4   0x080002c4   0x00000000   Code   RO         3192    .ARM.Collect$$libinit$$00000011  c_w.l(libinit2.o)
    0x080002c4   0x080002c4   0x0000000c   Code   RO         3193    .ARM.Collect$$libinit$$00000012  c_w.l(libinit2.o)
    0x080002d0   0x080002d0   0x00000000   Code   RO         3194    .ARM.Collect$$libinit$$00000013  c_w.l(libinit2.o)
    0x080002d0   0x080002d0   0x00000000   Code   RO         3196    .ARM.Collect$$libinit$$00000015  c_w.l(libinit2.o)
    0x080002d0   0x080002d0   0x0000000a   Code   RO         3197    .ARM.Collect$$libinit$$00000016  c_w.l(libinit2.o)
    0x080002da   0x080002da   0x00000000   Code   RO         3198    .ARM.Collect$$libinit$$00000017  c_w.l(libinit2.o)
    0x080002da   0x080002da   0x00000000   Code   RO         3200    .ARM.Collect$$libinit$$00000019  c_w.l(libinit2.o)
    0x080002da   0x080002da   0x00000000   Code   RO         3202    .ARM.Collect$$libinit$$0000001B  c_w.l(libinit2.o)
    0x080002da   0x080002da   0x00000000   Code   RO         3204    .ARM.Collect$$libinit$$0000001D  c_w.l(libinit2.o)
    0x080002da   0x080002da   0x00000000   Code   RO         3206    .ARM.Collect$$libinit$$0000001F  c_w.l(libinit2.o)
    0x080002da   0x080002da   0x00000000   Code   RO         3208    .ARM.Collect$$libinit$$00000021  c_w.l(libinit2.o)
    0x080002da   0x080002da   0x00000000   Code   RO         3210    .ARM.Collect$$libinit$$00000023  c_w.l(libinit2.o)
    0x080002da   0x080002da   0x00000004   Code   RO         3211    .ARM.Collect$$libinit$$00000024  c_w.l(libinit2.o)
    0x080002de   0x080002de   0x00000000   Code   RO         3212    .ARM.Collect$$libinit$$00000025  c_w.l(libinit2.o)
    0x080002de   0x080002de   0x00000000   Code   RO         3216    .ARM.Collect$$libinit$$0000002C  c_w.l(libinit2.o)
    0x080002de   0x080002de   0x00000000   Code   RO         3218    .ARM.Collect$$libinit$$0000002E  c_w.l(libinit2.o)
    0x080002de   0x080002de   0x00000000   Code   RO         3220    .ARM.Collect$$libinit$$00000030  c_w.l(libinit2.o)
    0x080002de   0x080002de   0x00000000   Code   RO         3222    .ARM.Collect$$libinit$$00000032  c_w.l(libinit2.o)
    0x080002de   0x080002de   0x00000002   Code   RO         3223    .ARM.Collect$$libinit$$00000033  c_w.l(libinit2.o)
    0x080002e0   0x080002e0   0x00000002   Code   RO         3372    .ARM.Collect$$libshutdown$$00000000  c_w.l(libshutdown.o)
    0x080002e2   0x080002e2   0x00000000   Code   RO         3225    .ARM.Collect$$libshutdown$$00000002  c_w.l(libshutdown2.o)
    0x080002e2   0x080002e2   0x00000004   Code   RO         3226    .ARM.Collect$$libshutdown$$00000003  c_w.l(libshutdown2.o)
    0x080002e6   0x080002e6   0x00000000   Code   RO         3227    .ARM.Collect$$libshutdown$$00000004  c_w.l(libshutdown2.o)
    0x080002e6   0x080002e6   0x00000000   Code   RO         3230    .ARM.Collect$$libshutdown$$00000007  c_w.l(libshutdown2.o)
    0x080002e6   0x080002e6   0x00000000   Code   RO         3233    .ARM.Collect$$libshutdown$$0000000A  c_w.l(libshutdown2.o)
    0x080002e6   0x080002e6   0x00000000   Code   RO         3235    .ARM.Collect$$libshutdown$$0000000C  c_w.l(libshutdown2.o)
    0x080002e6   0x080002e6   0x00000000   Code   RO         3238    .ARM.Collect$$libshutdown$$0000000F  c_w.l(libshutdown2.o)
    0x080002e6   0x080002e6   0x00000002   Code   RO         3239    .ARM.Collect$$libshutdown$$00000010  c_w.l(libshutdown2.o)
    0x080002e8   0x080002e8   0x00000000   Code   RO         2895    .ARM.Collect$$rtentry$$00000000  c_w.l(__rtentry.o)
    0x080002e8   0x080002e8   0x00000000   Code   RO         2994    .ARM.Collect$$rtentry$$00000002  c_w.l(__rtentry2.o)
    0x080002e8   0x080002e8   0x00000006   Code   RO         3006    .ARM.Collect$$rtentry$$00000004  c_w.l(__rtentry4.o)
    0x080002ee   0x080002ee   0x00000000   Code   RO         2996    .ARM.Collect$$rtentry$$00000009  c_w.l(__rtentry2.o)
    0x080002ee   0x080002ee   0x00000004   Code   RO         2997    .ARM.Collect$$rtentry$$0000000A  c_w.l(__rtentry2.o)
    0x080002f2   0x080002f2   0x00000000   Code   RO         2999    .ARM.Collect$$rtentry$$0000000C  c_w.l(__rtentry2.o)
    0x080002f2   0x080002f2   0x00000008   Code   RO         3000    .ARM.Collect$$rtentry$$0000000D  c_w.l(__rtentry2.o)
    0x080002fa   0x080002fa   0x00000002   Code   RO         3245    .ARM.Collect$$rtexit$$00000000  c_w.l(rtexit.o)
    0x080002fc   0x080002fc   0x00000000   Code   RO         3308    .ARM.Collect$$rtexit$$00000002  c_w.l(rtexit2.o)
    0x080002fc   0x080002fc   0x00000004   Code   RO         3309    .ARM.Collect$$rtexit$$00000003  c_w.l(rtexit2.o)
    0x08000300   0x08000300   0x00000006   Code   RO         3310    .ARM.Collect$$rtexit$$00000004  c_w.l(rtexit2.o)
    0x08000306   0x08000306   0x00000002   PAD
    0x08000308   0x08000308   0x00000000   Code   RO         3314    .emb_text           c_w.l(maybetermalloc1.o)
    0x08000308   0x08000308   0x00000040   Code   RO         2766    .text               startup_stm32f429xx.o
    0x08000348   0x08000348   0x000000ee   Code   RO         2839    .text               c_w.l(lludivv7m.o)
    0x08000436   0x08000436   0x00000002   PAD
    0x08000438   0x08000438   0x00000018   Code   RO         2841    .text               c_w.l(printf.o)
    0x08000450   0x08000450   0x0000002c   Code   RO         2843    .text               c_w.l(__2sprintf.o)
    0x0800047c   0x0800047c   0x00000188   Code   RO         2866    .text               c_w.l(__printf_flags_ss_wp.o)
    0x08000604   0x08000604   0x0000004e   Code   RO         2871    .text               c_w.l(rt_memclr_w.o)
    0x08000652   0x08000652   0x00000006   Code   RO         2873    .text               c_w.l(heapauxi.o)
    0x08000658   0x08000658   0x0000004e   Code   RO         2900    .text               c_w.l(_printf_pad.o)
    0x080006a6   0x080006a6   0x00000024   Code   RO         2902    .text               c_w.l(_printf_truncate.o)
    0x080006ca   0x080006ca   0x00000052   Code   RO         2904    .text               c_w.l(_printf_str.o)
    0x0800071c   0x0800071c   0x00000078   Code   RO         2906    .text               c_w.l(_printf_dec.o)
    0x08000794   0x08000794   0x00000028   Code   RO         2908    .text               c_w.l(_printf_charcount.o)
    0x080007bc   0x080007bc   0x0000041e   Code   RO         2910    .text               c_w.l(_printf_fp_dec.o)
    0x08000bda   0x08000bda   0x00000002   PAD
    0x08000bdc   0x08000bdc   0x00000030   Code   RO         2912    .text               c_w.l(_printf_char_common.o)
    0x08000c0c   0x08000c0c   0x0000000a   Code   RO         2914    .text               c_w.l(_sputc.o)
    0x08000c16   0x08000c16   0x00000002   PAD
    0x08000c18   0x08000c18   0x00000024   Code   RO         2916    .text               c_w.l(_printf_char_file.o)
    0x08000c3c   0x08000c3c   0x000000bc   Code   RO         2918    .text               c_w.l(_printf_wctomb.o)
    0x08000cf8   0x08000cf8   0x0000007c   Code   RO         2921    .text               c_w.l(_printf_longlong_dec.o)
    0x08000d74   0x08000d74   0x00000070   Code   RO         2927    .text               c_w.l(_printf_oct_int_ll.o)
    0x08000de4   0x08000de4   0x00000094   Code   RO         2947    .text               c_w.l(_printf_hex_int_ll_ptr.o)
    0x08000e78   0x08000e78   0x00000008   Code   RO         3013    .text               c_w.l(rt_locale_intlibspace.o)
    0x08000e80   0x08000e80   0x0000008a   Code   RO         3015    .text               c_w.l(lludiv10.o)
    0x08000f0a   0x08000f0a   0x000000b2   Code   RO         3017    .text               c_w.l(_printf_intcommon.o)
    0x08000fbc   0x08000fbc   0x000002fc   Code   RO         3019    .text               c_w.l(_printf_fp_hex.o)
    0x080012b8   0x080012b8   0x00000080   Code   RO         3022    .text               c_w.l(_printf_fp_infnan.o)
    0x08001338   0x08001338   0x0000002c   Code   RO         3026    .text               c_w.l(_printf_char.o)
    0x08001364   0x08001364   0x0000002c   Code   RO         3028    .text               c_w.l(_printf_wchar.o)
    0x08001390   0x08001390   0x000000e4   Code   RO         3030    .text               c_w.l(bigflt0.o)
    0x08001474   0x08001474   0x00000008   Code   RO         3055    .text               c_w.l(ferror.o)
    0x0800147c   0x0800147c   0x00000138   Code   RO         3061    .text               c_w.l(initio.o)
    0x080015b4   0x080015b4   0x00000040   Code   RO         3069    .text               c_w.l(_wcrtomb.o)
    0x080015f4   0x080015f4   0x00000066   Code   RO         3078    .text               c_w.l(sys_io.o)
    0x0800165a   0x0800165a   0x00000002   PAD
    0x0800165c   0x0800165c   0x00000008   Code   RO         3083    .text               c_w.l(libspace.o)
    0x08001664   0x08001664   0x0000004a   Code   RO         3088    .text               c_w.l(sys_stackheap_outer.o)
    0x080016ae   0x080016ae   0x00000002   PAD
    0x080016b0   0x080016b0   0x00000010   Code   RO         3090    .text               c_w.l(rt_ctype_table.o)
    0x080016c0   0x080016c0   0x0000004e   Code   RO         3094    .text               c_w.l(h1_free.o)
    0x0800170e   0x0800170e   0x000001d6   Code   RO         3148    .text               c_w.l(flsbuf.o)
    0x080018e4   0x080018e4   0x00000046   Code   RO         3150    .text               c_w.l(setvbuf.o)
    0x0800192a   0x0800192a   0x00000002   PAD
    0x0800192c   0x0800192c   0x000000ec   Code   RO         3153    .text               c_w.l(fopen.o)
    0x08001a18   0x08001a18   0x0000004c   Code   RO         3155    .text               c_w.l(fclose.o)
    0x08001a64   0x08001a64   0x00000012   Code   RO         3161    .text               c_w.l(exit.o)
    0x08001a76   0x08001a76   0x0000000e   Code   RO         3167    .text               c_w.l(defsig_rtred_outer.o)
    0x08001a84   0x08001a84   0x00000080   Code   RO         3171    .text               c_w.l(strcmpv7m.o)
    0x08001b04   0x08001b04   0x00000002   Code   RO         3242    .text               c_w.l(use_no_semi.o)
    0x08001b06   0x08001b06   0x00000000   Code   RO         3244    .text               c_w.l(indicate_semi.o)
    0x08001b06   0x08001b06   0x00000002   PAD
    0x08001b08   0x08001b08   0x00000008   Code   RO         3252    .text               c_w.l(rt_heap_descriptor_intlibspace.o)
    0x08001b10   0x08001b10   0x00000004   Code   RO         3254    .text               c_w.l(hguard.o)
    0x08001b14   0x08001b14   0x0000008a   Code   RO         3256    .text               c_w.l(init_alloc.o)
    0x08001b9e   0x08001b9e   0x0000005e   Code   RO         3262    .text               c_w.l(h1_alloc.o)
    0x08001bfc   0x08001bfc   0x000000f8   Code   RO         3278    .text               c_w.l(fseek.o)
    0x08001cf4   0x08001cf4   0x000000f0   Code   RO         3280    .text               c_w.l(stdio.o)
    0x08001de4   0x08001de4   0x0000000a   Code   RO         3289    .text               c_w.l(defsig_exit.o)
    0x08001dee   0x08001dee   0x00000002   PAD
    0x08001df0   0x08001df0   0x00000034   Code   RO         3293    .text               c_w.l(defsig_rtred_inner.o)
    0x08001e24   0x08001e24   0x0000003e   Code   RO         3297    .text               c_w.l(strlen.o)
    0x08001e62   0x08001e62   0x00000002   PAD
    0x08001e64   0x08001e64   0x0000000c   Code   RO         3305    .text               c_w.l(sys_exit.o)
    0x08001e70   0x08001e70   0x0000000e   Code   RO         3316    .text               c_w.l(h1_init.o)
    0x08001e7e   0x08001e7e   0x00000034   Code   RO         3318    .text               c_w.l(h1_extend.o)
    0x08001eb2   0x08001eb2   0x00000042   Code   RO         3328    .text               c_w.l(ftell.o)
    0x08001ef4   0x08001ef4   0x00000032   Code   RO         3336    .text               c_w.l(defsig_general.o)
    0x08001f26   0x08001f26   0x0000000e   Code   RO         3338    .text               c_w.l(defsig_rtmem_outer.o)
    0x08001f34   0x08001f34   0x0000000e   Code   RO         3353    .text               c_w.l(sys_wrch.o)
    0x08001f42   0x08001f42   0x00000002   PAD
    0x08001f44   0x08001f44   0x00000008   Code   RO         3360    .text               c_w.l(rt_errno_addr_intlibspace.o)
    0x08001f4c   0x08001f4c   0x00000050   Code   RO         3366    .text               c_w.l(defsig_rtmem_inner.o)
    0x08001f9c   0x08001f9c   0x0000003e   Code   RO         3033    CL$$btod_d2e        c_w.l(btod.o)
    0x08001fda   0x08001fda   0x00000046   Code   RO         3035    CL$$btod_d2e_denorm_low  c_w.l(btod.o)
    0x08002020   0x08002020   0x00000060   Code   RO         3034    CL$$btod_d2e_norm_op1  c_w.l(btod.o)
    0x08002080   0x08002080   0x00000338   Code   RO         3043    CL$$btod_div_common  c_w.l(btod.o)
    0x080023b8   0x080023b8   0x000000dc   Code   RO         3040    CL$$btod_e2e        c_w.l(btod.o)
    0x08002494   0x08002494   0x0000002a   Code   RO         3037    CL$$btod_ediv       c_w.l(btod.o)
    0x080024be   0x080024be   0x0000002a   Code   RO         3036    CL$$btod_emul       c_w.l(btod.o)
    0x080024e8   0x080024e8   0x00000244   Code   RO         3042    CL$$btod_mult_common  c_w.l(btod.o)
    0x0800272c   0x0800272c   0x00000078   Code   RO          298    i.ADC1_Init         potenciometro.o
    0x080027a4   0x080027a4   0x00000160   Code   RO          842    i.ADC_Init          stm32f4xx_hal_adc.o
    0x08002904   0x08002904   0x00000004   Code   RO          175    i.BusFault_Handler  stm32f4xx_it.o
    0x08002908   0x08002908   0x00000002   Code   RO          176    i.DebugMon_Handler  stm32f4xx_it.o
    0x0800290a   0x0800290a   0x0000001a   Code   RO          331    i.Delay_ms          delay.o
    0x08002924   0x08002924   0x00000018   Code   RO          332    i.Delay_us          delay.o
    0x0800293c   0x0800293c   0x00000184   Code   RO          446    i.Enable_GPIO_Clock  usart_stm32f4xx.o
    0x08002ac0   0x08002ac0   0x000001c0   Code   RO            4    i.Error_Handler     main.o
    0x08002c80   0x08002c80   0x000001a4   Code   RO          844    i.HAL_ADC_ConfigChannel  stm32f4xx_hal_adc.o
    0x08002e24   0x08002e24   0x00000008   Code   RO          851    i.HAL_ADC_GetValue  stm32f4xx_hal_adc.o
    0x08002e2c   0x08002e2c   0x00000068   Code   RO          853    i.HAL_ADC_Init      stm32f4xx_hal_adc.o
    0x08002e94   0x08002e94   0x000000b4   Code   RO          251    i.HAL_ADC_MspInit   stm32f4xx_hal_msp.o
    0x08002f48   0x08002f48   0x000000c2   Code   RO          857    i.HAL_ADC_PollForConversion  stm32f4xx_hal_adc.o
    0x0800300a   0x0800300a   0x00000002   PAD
    0x0800300c   0x0800300c   0x0000013c   Code   RO          859    i.HAL_ADC_Start     stm32f4xx_hal_adc.o
    0x08003148   0x08003148   0x000000aa   Code   RO         1257    i.HAL_DMA_Abort     stm32f4xx_hal_dma.o
    0x080031f2   0x080031f2   0x00000002   PAD
    0x080031f4   0x080031f4   0x00000180   Code   RO         1401    i.HAL_GPIO_DeInit   stm32f4xx_hal_gpio.o
    0x08003374   0x08003374   0x0000021c   Code   RO         1404    i.HAL_GPIO_Init     stm32f4xx_hal_gpio.o
    0x08003590   0x08003590   0x00000010   Code   RO         1406    i.HAL_GPIO_ReadPin  stm32f4xx_hal_gpio.o
    0x080035a0   0x080035a0   0x0000000c   Code   RO         1408    i.HAL_GPIO_WritePin  stm32f4xx_hal_gpio.o
    0x080035ac   0x080035ac   0x0000000c   Code   RO          656    i.HAL_GetTick       stm32f4xx_hal.o
    0x080035b8   0x080035b8   0x00000050   Code   RO         2810    i.HAL_IWDG_Init     stm32f4xx_hal_iwdg.o
    0x08003608   0x08003608   0x0000000e   Code   RO         2811    i.HAL_IWDG_Refresh  stm32f4xx_hal_iwdg.o
    0x08003616   0x08003616   0x00000002   PAD
    0x08003618   0x08003618   0x00000018   Code   RO          662    i.HAL_IncTick       stm32f4xx_hal.o
    0x08003630   0x08003630   0x00000030   Code   RO          663    i.HAL_Init          stm32f4xx_hal.o
    0x08003660   0x08003660   0x0000004c   Code   RO          664    i.HAL_InitTick      stm32f4xx_hal.o
    0x080036ac   0x080036ac   0x00000048   Code   RO          253    i.HAL_MspInit       stm32f4xx_hal_msp.o
    0x080036f4   0x080036f4   0x0000002c   Code   RO         1118    i.HAL_NVIC_DisableIRQ  stm32f4xx_hal_cortex.o
    0x08003720   0x08003720   0x0000007c   Code   RO         1125    i.HAL_NVIC_SetPriority  stm32f4xx_hal_cortex.o
    0x0800379c   0x0800379c   0x00000028   Code   RO         1126    i.HAL_NVIC_SetPriorityGrouping  stm32f4xx_hal_cortex.o
    0x080037c4   0x080037c4   0x0000008c   Code   RO         1593    i.HAL_PWREx_EnableOverDrive  stm32f4xx_hal_pwr_ex.o
    0x08003850   0x08003850   0x00000184   Code   RO         1660    i.HAL_RCC_ClockConfig  stm32f4xx_hal_rcc.o
    0x080039d4   0x080039d4   0x0000000c   Code   RO         1665    i.HAL_RCC_GetHCLKFreq  stm32f4xx_hal_rcc.o
    0x080039e0   0x080039e0   0x00000020   Code   RO         1667    i.HAL_RCC_GetPCLK1Freq  stm32f4xx_hal_rcc.o
    0x08003a00   0x08003a00   0x000000b0   Code   RO         1669    i.HAL_RCC_GetSysClockFreq  stm32f4xx_hal_rcc.o
    0x08003ab0   0x08003ab0   0x00000488   Code   RO         1672    i.HAL_RCC_OscConfig  stm32f4xx_hal_rcc.o
    0x08003f38   0x08003f38   0x00000034   Code   RO         1130    i.HAL_SYSTICK_Config  stm32f4xx_hal_cortex.o
    0x08003f6c   0x08003f6c   0x000000b4   Code   RO         2533    i.HAL_TIMEx_MasterConfigSynchronization  stm32f4xx_hal_tim_ex.o
    0x08004020   0x08004020   0x00000034   Code   RO         1829    i.HAL_TIM_Base_Init  stm32f4xx_hal_tim.o
    0x08004054   0x08004054   0x00000044   Code   RO          254    i.HAL_TIM_Base_MspInit  stm32f4xx_hal_msp.o
    0x08004098   0x08004098   0x0000002a   Code   RO         1832    i.HAL_TIM_Base_Start  stm32f4xx_hal_tim.o
    0x080040c2   0x080040c2   0x00000108   Code   RO         1838    i.HAL_TIM_ConfigClockSource  stm32f4xx_hal_tim.o
    0x080041ca   0x080041ca   0x00000004   Code   RO          177    i.HardFault_Handler  stm32f4xx_it.o
    0x080041ce   0x080041ce   0x00000002   PAD
    0x080041d0   0x080041d0   0x00000080   Code   RO          333    i.Init_Delay        delay.o
    0x08004250   0x08004250   0x00000004   Code   RO          178    i.MemManage_Handler  stm32f4xx_it.o
    0x08004254   0x08004254   0x00000002   Code   RO          179    i.NMI_Handler       stm32f4xx_it.o
    0x08004256   0x08004256   0x00000002   Code   RO          180    i.PendSV_Handler    stm32f4xx_it.o
    0x08004258   0x08004258   0x00000002   Code   RO          181    i.SVC_Handler       stm32f4xx_it.o
    0x0800425a   0x0800425a   0x00000008   Code   RO          182    i.SysTick_Handler   stm32f4xx_it.o
    0x08004262   0x08004262   0x00000002   PAD
    0x08004264   0x08004264   0x000000c8   Code   RO            5    i.SystemClock_Config  main.o
    0x0800432c   0x0800432c   0x000000c0   Code   RO         2773    i.SystemCoreClockUpdate  system_stm32f4xx.o
    0x080043ec   0x080043ec   0x0000001c   Code   RO         2774    i.SystemInit        system_stm32f4xx.o
    0x08004408   0x08004408   0x000000d8   Code   RO         1917    i.TIM_Base_SetConfig  stm32f4xx_hal_tim.o
    0x080044e0   0x080044e0   0x00000016   Code   RO         1928    i.TIM_ETR_SetConfig  stm32f4xx_hal_tim.o
    0x080044f6   0x080044f6   0x00000012   Code   RO         1929    i.TIM_ITRx_SetConfig  stm32f4xx_hal_tim.o
    0x08004508   0x08004508   0x00000026   Code   RO         1935    i.TIM_TI1_ConfigInputStage  stm32f4xx_hal_tim.o
    0x0800452e   0x0800452e   0x00000028   Code   RO         1937    i.TIM_TI2_ConfigInputStage  stm32f4xx_hal_tim.o
    0x08004556   0x08004556   0x00000002   PAD
    0x08004558   0x08004558   0x00000018   Code   RO          447    i.USART3_Control    usart_stm32f4xx.o
    0x08004570   0x08004570   0x00000010   Code   RO          448    i.USART3_GetCapabilities  usart_stm32f4xx.o
    0x08004580   0x08004580   0x00000010   Code   RO          449    i.USART3_GetModemStatus  usart_stm32f4xx.o
    0x08004590   0x08004590   0x00000010   Code   RO          450    i.USART3_GetRxCount  usart_stm32f4xx.o
    0x080045a0   0x080045a0   0x00000010   Code   RO          451    i.USART3_GetStatus  usart_stm32f4xx.o
    0x080045b0   0x080045b0   0x00000010   Code   RO          452    i.USART3_GetTxCount  usart_stm32f4xx.o
    0x080045c0   0x080045c0   0x00000010   Code   RO          453    i.USART3_IRQHandler  usart_stm32f4xx.o
    0x080045d0   0x080045d0   0x00000014   Code   RO          454    i.USART3_Initialize  usart_stm32f4xx.o
    0x080045e4   0x080045e4   0x00000014   Code   RO          455    i.USART3_PowerControl  usart_stm32f4xx.o
    0x080045f8   0x080045f8   0x00000018   Code   RO          456    i.USART3_Receive    usart_stm32f4xx.o
    0x08004610   0x08004610   0x00000018   Code   RO          457    i.USART3_Send       usart_stm32f4xx.o
    0x08004628   0x08004628   0x00000014   Code   RO          458    i.USART3_SetModemControl  usart_stm32f4xx.o
    0x0800463c   0x0800463c   0x0000001c   Code   RO          459    i.USART3_Transfer   usart_stm32f4xx.o
    0x08004658   0x08004658   0x00000010   Code   RO          460    i.USART3_Uninitialize  usart_stm32f4xx.o
    0x08004668   0x08004668   0x000008ec   Code   RO          461    i.USART_Control     usart_stm32f4xx.o
    0x08004f54   0x08004f54   0x00000006   Code   RO          462    i.USART_GetCapabilities  usart_stm32f4xx.o
    0x08004f5a   0x08004f5a   0x00000052   Code   RO          463    i.USART_GetModemStatus  usart_stm32f4xx.o
    0x08004fac   0x08004fac   0x00000008   Code   RO          464    i.USART_GetRxCount  usart_stm32f4xx.o
    0x08004fb4   0x08004fb4   0x00000076   Code   RO          465    i.USART_GetStatus   usart_stm32f4xx.o
    0x0800502a   0x0800502a   0x00000008   Code   RO          466    i.USART_GetTxCount  usart_stm32f4xx.o
    0x08005032   0x08005032   0x00000272   Code   RO          467    i.USART_IRQHandler  usart_stm32f4xx.o
    0x080052a4   0x080052a4   0x00000092   Code   RO          468    i.USART_Initialize  usart_stm32f4xx.o
    0x08005336   0x08005336   0x00000002   PAD
    0x08005338   0x08005338   0x0000019c   Code   RO          469    i.USART_PeripheralReset  usart_stm32f4xx.o
    0x080054d4   0x080054d4   0x00000364   Code   RO          470    i.USART_PowerControl  usart_stm32f4xx.o
    0x08005838   0x08005838   0x000000a2   Code   RO          471    i.USART_Receive     usart_stm32f4xx.o
    0x080058da   0x080058da   0x00000088   Code   RO          472    i.USART_Send        usart_stm32f4xx.o
    0x08005962   0x08005962   0x0000008c   Code   RO          473    i.USART_SetModemControl  usart_stm32f4xx.o
    0x080059ee   0x080059ee   0x0000006a   Code   RO          474    i.USART_Transfer    usart_stm32f4xx.o
    0x08005a58   0x08005a58   0x0000006a   Code   RO          475    i.USART_Uninitialize  usart_stm32f4xx.o
    0x08005ac2   0x08005ac2   0x00000002   PAD
    0x08005ac4   0x08005ac4   0x00000010   Code   RO          476    i.USARTx_GetVersion  usart_stm32f4xx.o
    0x08005ad4   0x08005ad4   0x00000004   Code   RO          183    i.UsageFault_Handler  stm32f4xx_it.o
    0x08005ad8   0x08005ad8   0x00000030   Code   RO         3076    i.__ARM_fpclassify  m_wm.l(fpclassify.o)
    0x08005b08   0x08005b08   0x00000010   Code   RO         1132    i.__NVIC_GetPriorityGrouping  stm32f4xx_hal_cortex.o
    0x08005b18   0x08005b18   0x00000028   Code   RO         1133    i.__NVIC_SetPriority  stm32f4xx_hal_cortex.o
    0x08005b40   0x08005b40   0x0000000e   Code   RO         2859    i._is_digit         c_w.l(__printf_wp.o)
    0x08005b4e   0x08005b4e   0x0000001a   Code   RO         3058    i.fputc             c_w.l(fputc.o)
    0x08005b68   0x08005b68   0x0000005c   Code   RO          370    i.init_USART        usart.o
    0x08005bc4   0x08005bc4   0x0000002c   Code   RO          413    i.init_Watchdog     watchdog.o
    0x08005bf0   0x08005bf0   0x0000008c   Code   RO          299    i.lectura           potenciometro.o
    0x08005c7c   0x08005c7c   0x000000cc   Code   RO            6    i.main              main.o
    0x08005d48   0x08005d48   0x00000010   Code   RO          414    i.reset_Watchdog    watchdog.o
    0x08005d58   0x08005d58   0x00000050   Code   RO          371    i.tx_USART          usart.o
    0x08005da8   0x08005da8   0x0000002c   Code   RO         3072    locale$$code        c_w.l(lc_numeric_c.o)
    0x08005dd4   0x08005dd4   0x0000002c   Code   RO         3287    locale$$code        c_w.l(lc_ctype_c.o)
    0x08005e00   0x08005e00   0x00000062   Code   RO         2877    x$fpl$d2f           fz_wm.l(d2f.o)
    0x08005e62   0x08005e62   0x00000002   PAD
    0x08005e64   0x08005e64   0x000002b0   Code   RO         2880    x$fpl$ddiv          fz_wm.l(ddiv.o)
    0x08006114   0x08006114   0x00000026   Code   RO         2883    x$fpl$dfltu         fz_wm.l(dflt_clz.o)
    0x0800613a   0x0800613a   0x00000002   PAD
    0x0800613c   0x0800613c   0x00000154   Code   RO         2889    x$fpl$dmul          fz_wm.l(dmul.o)
    0x08006290   0x08006290   0x0000009c   Code   RO         2978    x$fpl$dnaninf       fz_wm.l(dnaninf.o)
    0x0800632c   0x0800632c   0x0000000c   Code   RO         2980    x$fpl$dretinf       fz_wm.l(dretinf.o)
    0x08006338   0x08006338   0x00000056   Code   RO         2891    x$fpl$f2d           fz_wm.l(f2d.o)
    0x0800638e   0x0800638e   0x0000008c   Code   RO         2982    x$fpl$fnaninf       fz_wm.l(fnaninf.o)
    0x0800641a   0x0800641a   0x0000000a   Code   RO         3303    x$fpl$fpinit        fz_wm.l(fpinit.o)
    0x08006424   0x08006424   0x0000000a   Code   RO         2984    x$fpl$fretinf       fz_wm.l(fretinf.o)
    0x0800642e   0x0800642e   0x00000004   Code   RO         2893    x$fpl$printf1       fz_wm.l(printf1.o)
    0x08006432   0x08006432   0x00000004   Code   RO         2986    x$fpl$printf2       fz_wm.l(printf2.o)
    0x08006436   0x08006436   0x00000000   Code   RO         2992    x$fpl$usenofp       fz_wm.l(usenofp.o)
    0x08006436   0x08006436   0x00000002   PAD
    0x08006438   0x08006438   0x00000088   Data   RO          478    .constdata          usart_stm32f4xx.o
    0x080064c0   0x080064c0   0x00000018   Data   RO         2775    .constdata          system_stm32f4xx.o
    0x080064d8   0x080064d8   0x00000011   Data   RO         2867    .constdata          c_w.l(__printf_flags_ss_wp.o)
    0x080064e9   0x080064e9   0x00000003   PAD
    0x080064ec   0x080064ec   0x00000008   Data   RO         2919    .constdata          c_w.l(_printf_wctomb.o)
    0x080064f4   0x080064f4   0x00000028   Data   RO         2948    .constdata          c_w.l(_printf_hex_int_ll_ptr.o)
    0x0800651c   0x0800651c   0x00000026   Data   RO         3020    .constdata          c_w.l(_printf_fp_hex.o)
    0x08006542   0x08006542   0x00000002   PAD
    0x08006544   0x08006544   0x00000094   Data   RO         3031    .constdata          c_w.l(bigflt0.o)
    0x080065d8   0x080065d8   0x00000004   Data   RO         3079    .constdata          c_w.l(sys_io.o)
    0x080065dc   0x080065dc   0x00000004   Data   RO         3080    .constdata          c_w.l(sys_io.o)
    0x080065e0   0x080065e0   0x00000004   Data   RO         3081    .constdata          c_w.l(sys_io.o)
    0x080065e4   0x080065e4   0x00000020   Data   RO         3389    Region$$Table       anon$$obj.o
    0x08006604   0x08006604   0x0000001c   Data   RO         3071    locale$$data        c_w.l(lc_numeric_c.o)
    0x08006620   0x08006620   0x00000110   Data   RO         3286    locale$$data        c_w.l(lc_ctype_c.o)


    Execution Region RW_IRAM1 (Exec base: 0x20000000, Load base: 0x08006730, Size: 0x000008b8, Max: 0x00030000, ABSOLUTE)

    Exec Addr    Load Addr    Size         Type   Attr      Idx    E Section Name        Object

    0x20000000   0x08006730   0x00000008   Data   RW            8    .data               main.o
    0x20000008   0x08006738   0x00000004   Data   RW          372    .data               usart.o
    0x2000000c   0x0800673c   0x00000009   Data   RW          670    .data               stm32f4xx_hal.o
    0x20000015   0x08006745   0x00000003   PAD
    0x20000018   0x08006748   0x00000004   Data   RW         2776    .data               system_stm32f4xx.o
    0x2000001c   0x0800674c   0x00000004   Data   RW         2975    .data               c_w.l(stdio_streams.o)
    0x20000020   0x08006750   0x00000004   Data   RW         2976    .data               c_w.l(stdio_streams.o)
    0x20000024   0x08006754   0x00000004   Data   RW         2977    .data               c_w.l(stdio_streams.o)
    0x20000028        -       0x00000064   Zero   RW            7    .bss                main.o
    0x2000008c        -       0x00000048   Zero   RW          300    .bss                potenciometro.o
    0x200000d4        -       0x00000040   Zero   RW          334    .bss                delay.o
    0x20000114        -       0x0000000c   Zero   RW          415    .bss                watchdog.o
    0x20000120        -       0x00000038   Zero   RW          477    .bss                usart_stm32f4xx.o
    0x20000158        -       0x00000054   Zero   RW         2972    .bss                c_w.l(stdio_streams.o)
    0x200001ac        -       0x00000054   Zero   RW         2973    .bss                c_w.l(stdio_streams.o)
    0x20000200        -       0x00000054   Zero   RW         2974    .bss                c_w.l(stdio_streams.o)
    0x20000254        -       0x00000060   Zero   RW         3084    .bss                c_w.l(libspace.o)
    0x200002b4   0x08006758   0x00000004   PAD
    0x200002b8        -       0x00000200   Zero   RW         2764    HEAP                startup_stm32f429xx.o
    0x200004b8        -       0x00000400   Zero   RW         2763    STACK               startup_stm32f429xx.o


==============================================================================

Image component sizes


      Code (inc. data)   RO Data    RW Data    ZI Data      Debug   Object Name

       178         16          0          0         64       1999   delay.o
       852        438          0          8        100     763660   main.o
       260         38          0          0         72       1534   potenciometro.o
        64         26        428          0       1536        880   startup_stm32f429xx.o
       160         30          0          9          0       9573   stm32f4xx_hal.o
      1394         58          0          0          0       5850   stm32f4xx_hal_adc.o
       316         28          0          0          0      35052   stm32f4xx_hal_cortex.o
       170          0          0          0          0       1640   stm32f4xx_hal_dma.o
       952        102          0          0          0       4469   stm32f4xx_hal_gpio.o
        94          0          0          0          0       2159   stm32f4xx_hal_iwdg.o
       320         30          0          0          0       2491   stm32f4xx_hal_msp.o
       140         12          0          0          0       1612   stm32f4xx_hal_pwr_ex.o
      1768         74          0          0          0       5681   stm32f4xx_hal_rcc.o
       692         46          0          0          0       7162   stm32f4xx_hal_tim.o
       180         30          0          0          0       1668   stm32f4xx_hal_tim_ex.o
        32          0          0          0          0       4126   stm32f4xx_it.o
       220         26         24          4          0       2235   system_stm32f4xx.o
       172         12          0          4          0       2064   usart.o
      5884        240        136          0         56      59918   usart_stm32f4xx.o
        60         14          0          0         12       1230   watchdog.o

    ----------------------------------------------------------------------
     13924       1220        620         28       1840     915003   Object Totals
         0          0         32          0          0          0   (incl. Generated)
        16          0          0          3          0          0   (incl. Padding)

    ----------------------------------------------------------------------

      Code (inc. data)   RO Data    RW Data    ZI Data      Debug   Library Member Name

        44          6          0          0          0         84   __2sprintf.o
         8          0          0          0          0         68   __main.o
       392          4         17          0          0         92   __printf_flags_ss_wp.o
        14          0          0          0          0         68   __printf_wp.o
         0          0          0          0          0          0   __rtentry.o
        12          0          0          0          0          0   __rtentry2.o
         6          0          0          0          0          0   __rtentry4.o
        52          8          0          0          0          0   __scatter.o
        26          0          0          0          0          0   __scatter_copy.o
        28          0          0          0          0          0   __scatter_zi.o
         6          0          0          0          0          0   _printf_a.o
         6          0          0          0          0          0   _printf_c.o
        44          0          0          0          0        108   _printf_char.o
        48          6          0          0          0         96   _printf_char_common.o
        36          4          0          0          0         80   _printf_char_file.o
        40          0          0          0          0         68   _printf_charcount.o
         6          0          0          0          0          0   _printf_d.o
       120         16          0          0          0         92   _printf_dec.o
         6          0          0          0          0          0   _printf_e.o
         6          0          0          0          0          0   _printf_f.o
      1054          0          0          0          0        216   _printf_fp_dec.o
       764          8         38          0          0        100   _printf_fp_hex.o
       128         16          0          0          0         84   _printf_fp_infnan.o
         6          0          0          0          0          0   _printf_g.o
       148          4         40          0          0        160   _printf_hex_int_ll_ptr.o
         6          0          0          0          0          0   _printf_i.o
       178          0          0          0          0         88   _printf_intcommon.o
        10          0          0          0          0          0   _printf_l.o
         6          0          0          0          0          0   _printf_lc.o
        10          0          0          0          0          0   _printf_ll.o
         6          0          0          0          0          0   _printf_lld.o
         6          0          0          0          0          0   _printf_lli.o
         6          0          0          0          0          0   _printf_llo.o
         6          0          0          0          0          0   _printf_llu.o
         6          0          0          0          0          0   _printf_llx.o
       124         16          0          0          0         92   _printf_longlong_dec.o
         6          0          0          0          0          0   _printf_ls.o
         6          0          0          0          0          0   _printf_n.o
         6          0          0          0          0          0   _printf_o.o
       112         10          0          0          0        124   _printf_oct_int_ll.o
         6          0          0          0          0          0   _printf_p.o
        78          0          0          0          0        108   _printf_pad.o
         0          0          0          0          0          0   _printf_percent.o
         4          0          0          0          0          0   _printf_percent_end.o
         6          0          0          0          0          0   _printf_s.o
        82          0          0          0          0         80   _printf_str.o
        36          0          0          0          0         84   _printf_truncate.o
         6          0          0          0          0          0   _printf_u.o
        44          0          0          0          0        108   _printf_wchar.o
       188          6          8          0          0         92   _printf_wctomb.o
         6          0          0          0          0          0   _printf_x.o
        10          0          0          0          0         68   _sputc.o
        64          0          0          0          0         92   _wcrtomb.o
       228          4        148          0          0         96   bigflt0.o
      1936        128          0          0          0        672   btod.o
        10          0          0          0          0         68   defsig_exit.o
        50          0          0          0          0         88   defsig_general.o
        80         58          0          0          0         76   defsig_rtmem_inner.o
        14          0          0          0          0         80   defsig_rtmem_outer.o
        52         38          0          0          0         76   defsig_rtred_inner.o
        14          0          0          0          0         80   defsig_rtred_outer.o
        18          0          0          0          0         80   exit.o
        76          0          0          0          0         88   fclose.o
         8          0          0          0          0         68   ferror.o
       470          0          0          0          0         88   flsbuf.o
       236          4          0          0          0        128   fopen.o
        26          0          0          0          0         68   fputc.o
       248          6          0          0          0         84   fseek.o
        66          0          0          0          0         76   ftell.o
        94          0          0          0          0         80   h1_alloc.o
        52          0          0          0          0         68   h1_extend.o
        78          0          0          0          0         80   h1_free.o
        14          0          0          0          0         84   h1_init.o
         6          0          0          0          0        152   heapauxi.o
         4          0          0          0          0        136   hguard.o
         0          0          0          0          0          0   indicate_semi.o
       138          0          0          0          0        168   init_alloc.o
       312         46          0          0          0        112   initio.o
        44         10        272          0          0         76   lc_ctype_c.o
        44         10         28          0          0         76   lc_numeric_c.o
         2          0          0          0          0          0   libinit.o
        46          0          0          0          0          0   libinit2.o
         2          0          0          0          0          0   libshutdown.o
         6          0          0          0          0          0   libshutdown2.o
         8          4          0          0         96         68   libspace.o
       138          0          0          0          0         80   lludiv10.o
       238          0          0          0          0        100   lludivv7m.o
         0          0          0          0          0          0   maybetermalloc1.o
        24          4          0          0          0         84   printf.o
        16          4          0          0          0         76   rt_ctype_table.o
         8          4          0          0          0         68   rt_errno_addr_intlibspace.o
         8          4          0          0          0         68   rt_heap_descriptor_intlibspace.o
         8          4          0          0          0         68   rt_locale_intlibspace.o
        78          0          0          0          0         80   rt_memclr_w.o
         2          0          0          0          0          0   rtexit.o
        10          0          0          0          0          0   rtexit2.o
        70          0          0          0          0         80   setvbuf.o
       240          6          0          0          0        156   stdio.o
         0          0          0         12        252          0   stdio_streams.o
       128          0          0          0          0         68   strcmpv7m.o
        62          0          0          0          0         76   strlen.o
        12          4          0          0          0         68   sys_exit.o
       102          0         12          0          0        240   sys_io.o
        74          0          0          0          0         80   sys_stackheap_outer.o
        14          0          0          0          0         76   sys_wrch.o
         2          0          0          0          0         68   use_no_semi.o
        98          4          0          0          0        140   d2f.o
       688        140          0          0          0        256   ddiv.o
        38          0          0          0          0        116   dflt_clz.o
       340         12          0          0          0        152   dmul.o
       156          4          0          0          0        140   dnaninf.o
        12          0          0          0          0        116   dretinf.o
        86          4          0          0          0        132   f2d.o
       140          4          0          0          0        132   fnaninf.o
        10          0          0          0          0        116   fpinit.o
        10          0          0          0          0        116   fretinf.o
         4          0          0          0          0        116   printf1.o
         4          0          0          0          0        116   printf2.o
         0          0          0          0          0          0   usenofp.o
        48          0          0          0          0        124   fpclassify.o

    ----------------------------------------------------------------------
     11304        610        568         12        352       8576   Library Totals
        30          0          5          0          4          0   (incl. Padding)

    ----------------------------------------------------------------------

      Code (inc. data)   RO Data    RW Data    ZI Data      Debug   Library Name

      9640        442        563         12        348       6804   c_w.l
      1586        168          0          0          0       1648   fz_wm.l
        48          0          0          0          0        124   m_wm.l

    ----------------------------------------------------------------------
     11304        610        568         12        352       8576   Library Totals

    ----------------------------------------------------------------------

==============================================================================


      Code (inc. data)   RO Data    RW Data    ZI Data      Debug   

     25228       1830       1188         40       2192     909835   Grand Totals
     25228       1830       1188         40       2192     909835   ELF Image Totals
     25228       1830       1188         40          0          0   ROM Totals

==============================================================================

    Total RO  Size (Code + RO Data)                26416 (  25.80kB)
    Total RW  Size (RW Data + ZI Data)              2232 (   2.18kB)
    Total ROM Size (Code + RO Data + RW Data)      26456 (  25.84kB)

==============================================================================

